<?xml version="1.0" encoding="ISO-8859-1" ?>
<link_info>
   <banner>TI ARM Linker PC v18.1.5.LTS</banner>
   <copyright>Copyright (c) 1996-2018 Texas Instruments Incorporated</copyright>
   <link_time>0x5c93be2e</link_time>
   <link_errors>0x0</link_errors>
   <output_file>FREERTOS_Porting.out</output_file>
   <entry_point>
      <name>_c_int00_noargs</name>
      <address>0x43ad</address>
   </entry_point>
   <input_file_list>
      <input_file id="fl-2">
         <path>.\</path>
         <kind>object</kind>
         <file>FSM.obj</file>
         <name>FSM.obj</name>
      </input_file>
      <input_file id="fl-3">
         <path>.\</path>
         <kind>object</kind>
         <file>Tasks.obj</file>
         <name>Tasks.obj</name>
      </input_file>
      <input_file id="fl-4">
         <path>.\</path>
         <kind>object</kind>
         <file>main.obj</file>
         <name>main.obj</name>
      </input_file>
      <input_file id="fl-5">
         <path>.\</path>
         <kind>object</kind>
         <file>tm4c123ge6pm_startup_ccs.obj</file>
         <name>tm4c123ge6pm_startup_ccs.obj</name>
      </input_file>
      <input_file id="fl-6">
         <path>.\Drivers\KeyPad\</path>
         <kind>object</kind>
         <file>Keypad.obj</file>
         <name>Keypad.obj</name>
      </input_file>
      <input_file id="fl-7">
         <path>.\Drivers\LCD\</path>
         <kind>object</kind>
         <file>LCD.obj</file>
         <name>LCD.obj</name>
      </input_file>
      <input_file id="fl-8">
         <path>.\Drivers\LEDs\</path>
         <kind>object</kind>
         <file>LEDs.obj</file>
         <name>LEDs.obj</name>
      </input_file>
      <input_file id="fl-9">
         <path>.\Drivers\SPI\</path>
         <kind>object</kind>
         <file>spi.obj</file>
         <name>spi.obj</name>
      </input_file>
      <input_file id="fl-a">
         <path>.\Drivers\Switch\</path>
         <kind>object</kind>
         <file>Switch.obj</file>
         <name>Switch.obj</name>
      </input_file>
      <input_file id="fl-b">
         <path>.\Drivers\UART\</path>
         <kind>object</kind>
         <file>uart.obj</file>
         <name>uart.obj</name>
      </input_file>
      <input_file id="fl-c">
         <path>.\FreeRTOS\</path>
         <kind>object</kind>
         <file>event_groups.obj</file>
         <name>event_groups.obj</name>
      </input_file>
      <input_file id="fl-d">
         <path>.\FreeRTOS\</path>
         <kind>object</kind>
         <file>list.obj</file>
         <name>list.obj</name>
      </input_file>
      <input_file id="fl-e">
         <path>.\FreeRTOS\</path>
         <kind>object</kind>
         <file>queue.obj</file>
         <name>queue.obj</name>
      </input_file>
      <input_file id="fl-f">
         <path>.\FreeRTOS\</path>
         <kind>object</kind>
         <file>tasks.obj</file>
         <name>tasks.obj</name>
      </input_file>
      <input_file id="fl-10">
         <path>.\FreeRTOS\portable\CCS\ARM_CM4F\</path>
         <kind>object</kind>
         <file>port.obj</file>
         <name>port.obj</name>
      </input_file>
      <input_file id="fl-11">
         <path>.\FreeRTOS\portable\CCS\ARM_CM4F\</path>
         <kind>object</kind>
         <file>portasm.obj</file>
         <name>portasm.obj</name>
      </input_file>
      <input_file id="fl-12">
         <path>.\FreeRTOS\portable\MemMang\</path>
         <kind>object</kind>
         <file>heap_1.obj</file>
         <name>heap_1.obj</name>
      </input_file>
      <input_file id="fl-13">
         <path>.\utils\</path>
         <kind>object</kind>
         <file>uartstdio.obj</file>
         <name>uartstdio.obj</name>
      </input_file>
      <input_file id="fl-14">
         <path>.\utils\</path>
         <kind>object</kind>
         <file>ustdlib.obj</file>
         <name>ustdlib.obj</name>
      </input_file>
      <input_file id="fl-19">
         <kind>object</kind>
         <file>&lt;internal&gt;</file>
         <name>&lt;internal&gt;</name>
      </input_file>
      <input_file id="fl-cf">
         <path>C:\ti\ccsv8\tools\compiler\ti-cgt-arm_18.1.5.LTS\lib\</path>
         <kind>archive</kind>
         <file>rtsv7M4_T_le_v4SPD16_eabi.lib</file>
         <name>memset_t2.asm.obj</name>
      </input_file>
      <input_file id="fl-d0">
         <path>C:\ti\ccsv8\tools\compiler\ti-cgt-arm_18.1.5.LTS\lib\</path>
         <kind>archive</kind>
         <file>rtsv7M4_T_le_v4SPD16_eabi.lib</file>
         <name>u_divt2.asm.obj</name>
      </input_file>
      <input_file id="fl-d1">
         <path>C:\ti\ccsv8\tools\compiler\ti-cgt-arm_18.1.5.LTS\lib\</path>
         <kind>archive</kind>
         <file>rtsv7M4_T_le_v4SPD16_eabi.lib</file>
         <name>fd_mul_t2.asm.obj</name>
      </input_file>
      <input_file id="fl-d2">
         <path>C:\ti\ccsv8\tools\compiler\ti-cgt-arm_18.1.5.LTS\lib\</path>
         <kind>archive</kind>
         <file>rtsv7M4_T_le_v4SPD16_eabi.lib</file>
         <name>fd_toi_t2.asm.obj</name>
      </input_file>
      <input_file id="fl-d3">
         <path>C:\ti\ccsv8\tools\compiler\ti-cgt-arm_18.1.5.LTS\lib\</path>
         <kind>archive</kind>
         <file>rtsv7M4_T_le_v4SPD16_eabi.lib</file>
         <name>memcpy_t2.asm.obj</name>
      </input_file>
      <input_file id="fl-d4">
         <path>C:\ti\ccsv8\tools\compiler\ti-cgt-arm_18.1.5.LTS\lib\</path>
         <kind>archive</kind>
         <file>rtsv7M4_T_le_v4SPD16_eabi.lib</file>
         <name>u_tofd_t2.asm.obj</name>
      </input_file>
      <input_file id="fl-d5">
         <path>C:\ti\ccsv8\tools\compiler\ti-cgt-arm_18.1.5.LTS\lib\</path>
         <kind>archive</kind>
         <file>rtsv7M4_T_le_v4SPD16_eabi.lib</file>
         <name>copy_zero_init.c.obj</name>
      </input_file>
      <input_file id="fl-d6">
         <path>C:\ti\ccsv8\tools\compiler\ti-cgt-arm_18.1.5.LTS\lib\</path>
         <kind>archive</kind>
         <file>rtsv7M4_T_le_v4SPD16_eabi.lib</file>
         <name>copy_decompress_none.c.obj</name>
      </input_file>
      <input_file id="fl-d7">
         <path>C:\ti\ccsv8\tools\compiler\ti-cgt-arm_18.1.5.LTS\lib\</path>
         <kind>archive</kind>
         <file>rtsv7M4_T_le_v4SPD16_eabi.lib</file>
         <name>copy_decompress_lzss.c.obj</name>
      </input_file>
      <input_file id="fl-d8">
         <path>C:\ti\ccsv8\tools\compiler\ti-cgt-arm_18.1.5.LTS\lib\</path>
         <kind>archive</kind>
         <file>rtsv7M4_T_le_v4SPD16_eabi.lib</file>
         <name>boot_cortex_m.c.obj</name>
      </input_file>
      <input_file id="fl-d9">
         <path>C:\ti\ccsv8\tools\compiler\ti-cgt-arm_18.1.5.LTS\lib\</path>
         <kind>archive</kind>
         <file>rtsv7M4_T_le_v4SPD16_eabi.lib</file>
         <name>exit.c.obj</name>
      </input_file>
      <input_file id="fl-da">
         <path>C:\ti\ccsv8\tools\compiler\ti-cgt-arm_18.1.5.LTS\lib\</path>
         <kind>archive</kind>
         <file>rtsv7M4_T_le_v4SPD16_eabi.lib</file>
         <name>_lock.c.obj</name>
      </input_file>
      <input_file id="fl-db">
         <path>C:\ti\ccsv8\tools\compiler\ti-cgt-arm_18.1.5.LTS\lib\</path>
         <kind>archive</kind>
         <file>rtsv7M4_T_le_v4SPD16_eabi.lib</file>
         <name>args_main.c.obj</name>
      </input_file>
      <input_file id="fl-dc">
         <path>C:\ti\ccsv8\tools\compiler\ti-cgt-arm_18.1.5.LTS\lib\</path>
         <kind>archive</kind>
         <file>rtsv7M4_T_le_v4SPD16_eabi.lib</file>
         <name>rand.c.obj</name>
      </input_file>
      <input_file id="fl-dd">
         <path>C:\ti\ccsv8\tools\compiler\ti-cgt-arm_18.1.5.LTS\lib\</path>
         <kind>archive</kind>
         <file>rtsv7M4_T_le_v4SPD16_eabi.lib</file>
         <name>div0.asm.obj</name>
      </input_file>
      <input_file id="fl-de">
         <path>C:\ti\ccsv8\tools\compiler\ti-cgt-arm_18.1.5.LTS\lib\</path>
         <kind>archive</kind>
         <file>rtsv7M4_T_le_v4SPD16_eabi.lib</file>
         <name>autoinit.c.obj</name>
      </input_file>
      <input_file id="fl-df">
         <path>C:\ti\ccsv8\tools\compiler\ti-cgt-arm_18.1.5.LTS\lib\</path>
         <kind>archive</kind>
         <file>rtsv7M4_T_le_v4SPD16_eabi.lib</file>
         <name>pre_init.c.obj</name>
      </input_file>
      <input_file id="fl-e0">
         <path>C:\ti\ccsv8\tools\compiler\ti-cgt-arm_18.1.5.LTS\lib\</path>
         <kind>archive</kind>
         <file>rtsv7M4_T_le_v4SPD16_eabi.lib</file>
         <name>cpy_tbl.c.obj</name>
      </input_file>
      <input_file id="fl-e1">
         <path>C:\ti\TivaWare_C_Series-2.1.4.178\driverlib\ccs\Debug\</path>
         <kind>archive</kind>
         <file>driverlib.lib</file>
         <name>gpio.obj</name>
      </input_file>
      <input_file id="fl-e2">
         <path>C:\ti\TivaWare_C_Series-2.1.4.178\driverlib\ccs\Debug\</path>
         <kind>archive</kind>
         <file>driverlib.lib</file>
         <name>interrupt.obj</name>
      </input_file>
      <input_file id="fl-e3">
         <path>C:\ti\TivaWare_C_Series-2.1.4.178\driverlib\ccs\Debug\</path>
         <kind>archive</kind>
         <file>driverlib.lib</file>
         <name>ssi.obj</name>
      </input_file>
      <input_file id="fl-e4">
         <path>C:\ti\TivaWare_C_Series-2.1.4.178\driverlib\ccs\Debug\</path>
         <kind>archive</kind>
         <file>driverlib.lib</file>
         <name>sysctl.obj</name>
      </input_file>
      <input_file id="fl-e5">
         <path>C:\ti\TivaWare_C_Series-2.1.4.178\driverlib\ccs\Debug\</path>
         <kind>archive</kind>
         <file>driverlib.lib</file>
         <name>uart.obj</name>
      </input_file>
      <input_file id="fl-e6">
         <path>C:\ti\TivaWare_C_Series-2.1.4.178\driverlib\ccs\Debug\</path>
         <kind>archive</kind>
         <file>driverlib.lib</file>
         <name>cpu.obj</name>
      </input_file>
   </input_file_list>
   <object_component_list>
      <object_component id="oc-f">
         <name>.intvecs</name>
         <load_address>0x0</load_address>
         <run_address>0x0</run_address>
         <size>0x26c</size>
         <input_file_ref idref="fl-5"/>
      </object_component>
      <object_component id="oc-7c">
         <name>.text</name>
         <load_address>0x26c</load_address>
         <run_address>0x26c</run_address>
         <size>0x18d4</size>
         <input_file_ref idref="fl-f"/>
      </object_component>
      <object_component id="oc-136">
         <name>.text</name>
         <load_address>0x1b40</load_address>
         <run_address>0x1b40</run_address>
         <size>0xccc</size>
         <input_file_ref idref="fl-e"/>
      </object_component>
      <object_component id="oc-20d">
         <name>.text</name>
         <load_address>0x280c</load_address>
         <run_address>0x280c</run_address>
         <size>0x408</size>
         <input_file_ref idref="fl-7"/>
      </object_component>
      <object_component id="oc-130">
         <name>.text</name>
         <load_address>0x2c14</load_address>
         <run_address>0x2c14</run_address>
         <size>0x3c8</size>
         <input_file_ref idref="fl-c"/>
      </object_component>
      <object_component id="oc-147">
         <name>.text</name>
         <load_address>0x2fdc</load_address>
         <run_address>0x2fdc</run_address>
         <size>0x368</size>
         <input_file_ref idref="fl-2"/>
      </object_component>
      <object_component id="oc-1e5">
         <name>.text</name>
         <load_address>0x3344</load_address>
         <run_address>0x3344</run_address>
         <size>0x1ec</size>
         <input_file_ref idref="fl-6"/>
      </object_component>
      <object_component id="oc-2f">
         <name>.text</name>
         <load_address>0x3530</load_address>
         <run_address>0x3530</run_address>
         <size>0x13c</size>
         <input_file_ref idref="fl-10"/>
      </object_component>
      <object_component id="oc-25f">
         <name>.text:GPIOPadConfigSet</name>
         <load_address>0x366c</load_address>
         <run_address>0x366c</run_address>
         <size>0x132</size>
         <input_file_ref idref="fl-e1"/>
      </object_component>
      <object_component id="oc-2e5">
         <name>.text:_nop</name>
         <load_address>0x379e</load_address>
         <run_address>0x379e</run_address>
         <size>0x2</size>
         <input_file_ref idref="fl-da"/>
      </object_component>
      <object_component id="oc-1f1">
         <name>.text</name>
         <load_address>0x37a0</load_address>
         <run_address>0x37a0</run_address>
         <size>0x12c</size>
         <input_file_ref idref="fl-9"/>
      </object_component>
      <object_component id="oc-e1">
         <name>.text</name>
         <load_address>0x38cc</load_address>
         <run_address>0x38cc</run_address>
         <size>0x12a</size>
         <input_file_ref idref="fl-d"/>
      </object_component>
      <object_component id="oc-28e">
         <name>.text:SysCtlClockGet</name>
         <load_address>0x39f8</load_address>
         <run_address>0x39f8</run_address>
         <size>0x110</size>
         <input_file_ref idref="fl-e4"/>
      </object_component>
      <object_component id="oc-1fd">
         <name>.text</name>
         <load_address>0x3b08</load_address>
         <run_address>0x3b08</run_address>
         <size>0xfc</size>
         <input_file_ref idref="fl-d1"/>
      </object_component>
      <object_component id="oc-bf">
         <name>.text</name>
         <load_address>0x3c04</load_address>
         <run_address>0x3c04</run_address>
         <size>0xdc</size>
         <input_file_ref idref="fl-4"/>
      </object_component>
      <object_component id="oc-2a">
         <name>.text</name>
         <load_address>0x3ce0</load_address>
         <run_address>0x3ce0</run_address>
         <size>0xda</size>
         <input_file_ref idref="fl-11"/>
      </object_component>
      <object_component id="oc-1df">
         <name>.text</name>
         <load_address>0x3dbc</load_address>
         <run_address>0x3dbc</run_address>
         <size>0xc4</size>
         <input_file_ref idref="fl-8"/>
      </object_component>
      <object_component id="oc-1d9">
         <name>.text</name>
         <load_address>0x3e80</load_address>
         <run_address>0x3e80</run_address>
         <size>0x9c</size>
         <input_file_ref idref="fl-a"/>
      </object_component>
      <object_component id="oc-db">
         <name>.text</name>
         <load_address>0x3f1c</load_address>
         <run_address>0x3f1c</run_address>
         <size>0x9c</size>
         <input_file_ref idref="fl-12"/>
      </object_component>
      <object_component id="oc-43">
         <name>.text</name>
         <load_address>0x3fb8</load_address>
         <run_address>0x3fb8</run_address>
         <size>0x9c</size>
         <input_file_ref idref="fl-d3"/>
      </object_component>
      <object_component id="oc-1eb">
         <name>.text</name>
         <load_address>0x4054</load_address>
         <run_address>0x4054</run_address>
         <size>0x8c</size>
         <input_file_ref idref="fl-b"/>
      </object_component>
      <object_component id="oc-b3">
         <name>.text</name>
         <load_address>0x40e0</load_address>
         <run_address>0x40e0</run_address>
         <size>0x7a</size>
         <input_file_ref idref="fl-cf"/>
      </object_component>
      <object_component id="oc-12">
         <name>.text:decompress:lzss:__TI_decompress_lzss</name>
         <load_address>0x415a</load_address>
         <run_address>0x415a</run_address>
         <size>0x68</size>
         <input_file_ref idref="fl-d7"/>
      </object_component>
      <object_component id="oc-141">
         <name>.text</name>
         <load_address>0x41c4</load_address>
         <run_address>0x41c4</run_address>
         <size>0x58</size>
         <input_file_ref idref="fl-3"/>
      </object_component>
      <object_component id="oc-282">
         <name>.text:GPIOPinConfigure</name>
         <load_address>0x421c</load_address>
         <run_address>0x421c</run_address>
         <size>0x48</size>
         <input_file_ref idref="fl-e1"/>
      </object_component>
      <object_component id="oc-202">
         <name>.text</name>
         <load_address>0x4264</load_address>
         <run_address>0x4264</run_address>
         <size>0x48</size>
         <input_file_ref idref="fl-d2"/>
      </object_component>
      <object_component id="oc-294">
         <name>.text:UARTConfigSetExpClk</name>
         <load_address>0x42ac</load_address>
         <run_address>0x42ac</run_address>
         <size>0x46</size>
         <input_file_ref idref="fl-e5"/>
      </object_component>
      <object_component id="oc-15b">
         <name>.text:__TI_auto_init_nobinit_nopinit:__TI_auto_init_nobinit_nopinit</name>
         <load_address>0x42f4</load_address>
         <run_address>0x42f4</run_address>
         <size>0x44</size>
         <input_file_ref idref="fl-de"/>
      </object_component>
      <object_component id="oc-2ad">
         <name>.text:SSIConfigSetExpClk</name>
         <load_address>0x4338</load_address>
         <run_address>0x4338</run_address>
         <size>0x3c</size>
         <input_file_ref idref="fl-e3"/>
      </object_component>
      <object_component id="oc-253">
         <name>.text:SysCtlPeripheralReady</name>
         <load_address>0x4374</load_address>
         <run_address>0x4374</run_address>
         <size>0x38</size>
         <input_file_ref idref="fl-e4"/>
      </object_component>
      <object_component id="oc-61">
         <name>.text:_c_int00_noargs:_c_int00_noargs</name>
         <load_address>0x43ac</load_address>
         <run_address>0x43ac</run_address>
         <size>0x38</size>
         <input_file_ref idref="fl-d8"/>
      </object_component>
      <object_component id="oc-24d">
         <name>.text:SysCtlPeripheralEnable</name>
         <load_address>0x43e4</load_address>
         <run_address>0x43e4</run_address>
         <size>0x34</size>
         <input_file_ref idref="fl-e4"/>
      </object_component>
      <object_component id="oc-2dc">
         <name>.text:rand</name>
         <load_address>0x4418</load_address>
         <run_address>0x4418</run_address>
         <size>0x34</size>
         <input_file_ref idref="fl-dc"/>
      </object_component>
      <object_component id="oc-309">
         <name>.text:GPIODirModeSet</name>
         <load_address>0x444c</load_address>
         <run_address>0x444c</run_address>
         <size>0x2a</size>
         <input_file_ref idref="fl-e1"/>
      </object_component>
      <object_component id="oc-320">
         <name>.text:UARTDisable</name>
         <load_address>0x4478</load_address>
         <run_address>0x4478</run_address>
         <size>0x20</size>
         <input_file_ref idref="fl-e5"/>
      </object_component>
      <object_component id="oc-1f8">
         <name>.text</name>
         <load_address>0x4498</load_address>
         <run_address>0x4498</run_address>
         <size>0x20</size>
         <input_file_ref idref="fl-d4"/>
      </object_component>
      <object_component id="oc-26c">
         <name>.text:GPIOPinTypeGPIOOutput</name>
         <load_address>0x44b8</load_address>
         <run_address>0x44b8</run_address>
         <size>0x18</size>
         <input_file_ref idref="fl-e1"/>
      </object_component>
      <object_component id="oc-326">
         <name>.text:UARTEnable</name>
         <load_address>0x44d0</load_address>
         <run_address>0x44d0</run_address>
         <size>0x14</size>
         <input_file_ref idref="fl-e5"/>
      </object_component>
      <object_component id="oc-259">
         <name>.text:GPIOPinTypeGPIOInput</name>
         <load_address>0x44e4</load_address>
         <run_address>0x44e4</run_address>
         <size>0x12</size>
         <input_file_ref idref="fl-e1"/>
      </object_component>
      <object_component id="oc-2b3">
         <name>.text:GPIOPinTypeSSI</name>
         <load_address>0x44f6</load_address>
         <run_address>0x44f6</run_address>
         <size>0x12</size>
         <input_file_ref idref="fl-e1"/>
      </object_component>
      <object_component id="oc-288">
         <name>.text:GPIOPinTypeUART</name>
         <load_address>0x4508</load_address>
         <run_address>0x4508</run_address>
         <size>0x12</size>
         <input_file_ref idref="fl-e1"/>
      </object_component>
      <object_component id="oc-2cb">
         <name>.text:SSIDataGetNonBlocking</name>
         <load_address>0x451a</load_address>
         <run_address>0x451a</run_address>
         <size>0x12</size>
         <input_file_ref idref="fl-e3"/>
      </object_component>
      <object_component id="oc-2a6">
         <name>.text:UARTCharGetNonBlocking</name>
         <load_address>0x452c</load_address>
         <run_address>0x452c</run_address>
         <size>0xe</size>
         <input_file_ref idref="fl-e5"/>
      </object_component>
      <object_component id="oc-29a">
         <name>.text:UARTCharPutNonBlocking</name>
         <load_address>0x453a</load_address>
         <run_address>0x453a</run_address>
         <size>0xe</size>
         <input_file_ref idref="fl-e5"/>
      </object_component>
      <object_component id="oc-207">
         <name>.text:UARTCharsAvail</name>
         <load_address>0x4548</load_address>
         <run_address>0x4548</run_address>
         <size>0xe</size>
         <input_file_ref idref="fl-e5"/>
      </object_component>
      <object_component id="oc-18">
         <name>.text:decompress:none:__TI_decompress_none</name>
         <load_address>0x4556</load_address>
         <run_address>0x4556</run_address>
         <size>0xe</size>
         <input_file_ref idref="fl-d6"/>
      </object_component>
      <object_component id="oc-55">
         <name>.text:decompress:ZI:__TI_zero_init</name>
         <load_address>0x4564</load_address>
         <run_address>0x4564</run_address>
         <size>0xc</size>
         <input_file_ref idref="fl-d5"/>
      </object_component>
      <object_component id="oc-24">
         <name>.text</name>
         <load_address>0x4570</load_address>
         <run_address>0x4570</run_address>
         <size>0xc</size>
         <input_file_ref idref="fl-5"/>
      </object_component>
      <object_component id="oc-2bf">
         <name>.text:SSIDataPut</name>
         <load_address>0x457c</load_address>
         <run_address>0x457c</run_address>
         <size>0xa</size>
         <input_file_ref idref="fl-e3"/>
      </object_component>
      <object_component id="oc-2b9">
         <name>.text:SSIEnable</name>
         <load_address>0x4586</load_address>
         <run_address>0x4586</run_address>
         <size>0xa</size>
         <input_file_ref idref="fl-e3"/>
      </object_component>
      <object_component id="oc-2c5">
         <name>.text:SSIBusy</name>
         <load_address>0x4590</load_address>
         <run_address>0x4590</run_address>
         <size>0x8</size>
         <input_file_ref idref="fl-e3"/>
      </object_component>
      <object_component id="oc-2a0">
         <name>.text:UARTBusy</name>
         <load_address>0x4598</load_address>
         <run_address>0x4598</run_address>
         <size>0x8</size>
         <input_file_ref idref="fl-e5"/>
      </object_component>
      <object_component id="oc-265">
         <name>.text:GPIOPinRead</name>
         <load_address>0x45a0</load_address>
         <run_address>0x45a0</run_address>
         <size>0x6</size>
         <input_file_ref idref="fl-e1"/>
      </object_component>
      <object_component id="oc-272">
         <name>.text:GPIOPinWrite</name>
         <load_address>0x45a6</load_address>
         <run_address>0x45a6</run_address>
         <size>0x6</size>
         <input_file_ref idref="fl-e1"/>
      </object_component>
      <object_component id="oc-b9">
         <name>.text:_system_pre_init</name>
         <load_address>0x45ac</load_address>
         <run_address>0x45ac</run_address>
         <size>0x4</size>
         <input_file_ref idref="fl-df"/>
      </object_component>
      <object_component id="oc-14f">
         <name>.text:abort:abort</name>
         <load_address>0x45b0</load_address>
         <run_address>0x45b0</run_address>
         <size>0x4</size>
         <input_file_ref idref="fl-d9"/>
      </object_component>
      <object_component id="oc-317">
         <name>.const:g_pui32GPIOBaseAddrs</name>
         <load_address>0x45b4</load_address>
         <run_address>0x45b4</run_address>
         <size>0x90</size>
         <input_file_ref idref="fl-e1"/>
      </object_component>
      <object_component id="oc-31c">
         <name>.const:g_pui32Xtals</name>
         <load_address>0x4644</load_address>
         <run_address>0x4644</run_address>
         <size>0x6c</size>
         <input_file_ref idref="fl-e4"/>
      </object_component>
      <object_component id="oc-79">
         <name>.const</name>
         <load_address>0x46b0</load_address>
         <run_address>0x46b0</run_address>
         <size>0x4</size>
         <input_file_ref idref="fl-10"/>
      </object_component>
      <object_component id="oc-389">
         <name>.cinit..data.load</name>
         <load_address>0x46b8</load_address>
         <run_address>0x46b8</run_address>
         <size>0x15</size>
      </object_component>
      <object_component id="oc-387">
         <name>__TI_handler_table</name>
         <load_address>0x46d0</load_address>
         <run_address>0x46d0</run_address>
         <size>0xc</size>
      </object_component>
      <object_component id="oc-38a">
         <name>.cinit..bss.load</name>
         <load_address>0x46e0</load_address>
         <run_address>0x46e0</run_address>
         <size>0x8</size>
      </object_component>
      <object_component id="oc-388">
         <name>__TI_cinit_table</name>
         <load_address>0x46e8</load_address>
         <run_address>0x46e8</run_address>
         <size>0x10</size>
      </object_component>
      <object_component id="oc-279">
         <name>.data</name>
         <load_address>0x20007984</load_address>
         <run_address>0x20007984</run_address>
         <size>0x1</size>
         <input_file_ref idref="fl-6"/>
      </object_component>
      <object_component id="oc-76">
         <name>.data</name>
         <load_address>0x20007938</load_address>
         <run_address>0x20007938</run_address>
         <size>0x34</size>
         <input_file_ref idref="fl-f"/>
      </object_component>
      <object_component id="oc-83">
         <name>.data</name>
         <load_address>0x2000797c</load_address>
         <run_address>0x2000797c</run_address>
         <size>0x4</size>
         <input_file_ref idref="fl-10"/>
      </object_component>
      <object_component id="oc-1a3">
         <name>.data</name>
         <load_address>0x20007974</load_address>
         <run_address>0x20007974</run_address>
         <size>0x8</size>
         <input_file_ref idref="fl-12"/>
      </object_component>
      <object_component id="oc-21a">
         <name>.data:$O1$$</name>
         <load_address>0x2000796c</load_address>
         <run_address>0x2000796c</run_address>
         <size>0x8</size>
         <input_file_ref idref="fl-da"/>
      </object_component>
      <object_component id="oc-339">
         <name>.data</name>
         <load_address>0x20007980</load_address>
         <run_address>0x20007980</run_address>
         <size>0x4</size>
         <input_file_ref idref="fl-dc"/>
      </object_component>
      <object_component id="oc-e7">
         <name>.bss:pxReadyTasksLists</name>
         <uninitialized>true</uninitialized>
         <run_address>0x20007530</run_address>
         <size>0x140</size>
         <input_file_ref idref="fl-f"/>
      </object_component>
      <object_component id="oc-f6">
         <name>.bss:xDelayedTaskList1</name>
         <uninitialized>true</uninitialized>
         <run_address>0x200076c0</run_address>
         <size>0x14</size>
         <input_file_ref idref="fl-f"/>
      </object_component>
      <object_component id="oc-f9">
         <name>.bss:xDelayedTaskList2</name>
         <uninitialized>true</uninitialized>
         <run_address>0x200076d4</run_address>
         <size>0x14</size>
         <input_file_ref idref="fl-f"/>
      </object_component>
      <object_component id="oc-ed">
         <name>.bss</name>
         <uninitialized>true</uninitialized>
         <run_address>0x20007724</run_address>
         <size>0x8</size>
         <input_file_ref idref="fl-f"/>
      </object_component>
      <object_component id="oc-f3">
         <name>.bss:xPendingReadyList</name>
         <uninitialized>true</uninitialized>
         <run_address>0x200076e8</run_address>
         <size>0x14</size>
         <input_file_ref idref="fl-f"/>
      </object_component>
      <object_component id="oc-ea">
         <name>.bss:xTasksWaitingTermination</name>
         <uninitialized>true</uninitialized>
         <run_address>0x20007710</run_address>
         <size>0x14</size>
         <input_file_ref idref="fl-f"/>
      </object_component>
      <object_component id="oc-f0">
         <name>.bss:xSuspendedTaskList</name>
         <uninitialized>true</uninitialized>
         <run_address>0x200076fc</run_address>
         <size>0x14</size>
         <input_file_ref idref="fl-f"/>
      </object_component>
      <object_component id="oc-1a6">
         <name>.bss:ucHeap</name>
         <uninitialized>true</uninitialized>
         <run_address>0x20000000</run_address>
         <size>0x7530</size>
         <input_file_ref idref="fl-12"/>
      </object_component>
      <object_component id="oc-13f">
         <name>.common:QueueManager</name>
         <uninitialized>true</uninitialized>
         <run_address>0x2000772c</run_address>
         <size>0x4</size>
      </object_component>
      <object_component id="oc-140">
         <name>.common:QueueSPI</name>
         <uninitialized>true</uninitialized>
         <run_address>0x20007730</run_address>
         <size>0x4</size>
      </object_component>
      <object_component id="oc-13c">
         <name>.common:xCreatedEventGroup_Flags</name>
         <uninitialized>true</uninitialized>
         <run_address>0x20007734</run_address>
         <size>0x4</size>
      </object_component>
      <object_component id="oc-1ce">
         <name>.common:xQueueRegistry</name>
         <uninitialized>true</uninitialized>
         <run_address>0x20007670</run_address>
         <size>0x50</size>
      </object_component>
      <object_component id="oc-21">
         <name>.stack</name>
         <uninitialized>true</uninitialized>
         <run_address>0x20007738</run_address>
         <size>0x4</size>
         <input_file_ref idref="fl-d8"/>
      </object_component>
      <object_component id="oc-38b">
         <name>.stack</name>
         <uninitialized>true</uninitialized>
         <run_address>0x20007738</run_address>
         <size>0x0</size>
      </object_component>
      <object_component id="oc-115">
         <name>.debug_info</name>
         <load_address>0x0</load_address>
         <run_address>0x0</run_address>
         <size>0x6a5</size>
         <input_file_ref idref="fl-2"/>
      </object_component>
      <object_component id="oc-148">
         <name>.debug_info</name>
         <load_address>0x6a5</load_address>
         <run_address>0x6a5</run_address>
         <size>0xa7d</size>
         <input_file_ref idref="fl-2"/>
      </object_component>
      <object_component id="oc-106">
         <name>.debug_info</name>
         <load_address>0x1122</load_address>
         <run_address>0x1122</run_address>
         <size>0x315</size>
         <input_file_ref idref="fl-2"/>
      </object_component>
      <object_component id="oc-94">
         <name>.debug_info</name>
         <load_address>0x1437</load_address>
         <run_address>0x1437</run_address>
         <size>0x26b</size>
         <input_file_ref idref="fl-2"/>
      </object_component>
      <object_component id="oc-110">
         <name>.debug_info</name>
         <load_address>0x16a2</load_address>
         <run_address>0x16a2</run_address>
         <size>0x461</size>
         <input_file_ref idref="fl-2"/>
      </object_component>
      <object_component id="oc-1bd">
         <name>.debug_info</name>
         <load_address>0x1b03</load_address>
         <run_address>0x1b03</run_address>
         <size>0x42</size>
         <input_file_ref idref="fl-2"/>
      </object_component>
      <object_component id="oc-1c2">
         <name>.debug_info</name>
         <load_address>0x1b45</load_address>
         <run_address>0x1b45</run_address>
         <size>0x4f</size>
         <input_file_ref idref="fl-2"/>
      </object_component>
      <object_component id="oc-116">
         <name>.debug_info</name>
         <load_address>0x1b94</load_address>
         <run_address>0x1b94</run_address>
         <size>0x8b</size>
         <input_file_ref idref="fl-2"/>
      </object_component>
      <object_component id="oc-88">
         <name>.debug_info</name>
         <load_address>0x1c1f</load_address>
         <run_address>0x1c1f</run_address>
         <size>0x2c</size>
         <input_file_ref idref="fl-2"/>
      </object_component>
      <object_component id="oc-18f">
         <name>.debug_info</name>
         <load_address>0x1c4b</load_address>
         <run_address>0x1c4b</run_address>
         <size>0x4f</size>
         <input_file_ref idref="fl-2"/>
      </object_component>
      <object_component id="oc-11b">
         <name>.debug_info</name>
         <load_address>0x1c9a</load_address>
         <run_address>0x1c9a</run_address>
         <size>0x297</size>
         <input_file_ref idref="fl-2"/>
      </object_component>
      <object_component id="oc-99">
         <name>.debug_info</name>
         <load_address>0x1f31</load_address>
         <run_address>0x1f31</run_address>
         <size>0xbb</size>
         <input_file_ref idref="fl-2"/>
      </object_component>
      <object_component id="oc-27d">
         <name>.debug_info</name>
         <load_address>0x1fec</load_address>
         <run_address>0x1fec</run_address>
         <size>0xbb</size>
         <input_file_ref idref="fl-2"/>
      </object_component>
      <object_component id="oc-101">
         <name>.debug_info</name>
         <load_address>0x20a7</load_address>
         <run_address>0x20a7</run_address>
         <size>0x53</size>
         <input_file_ref idref="fl-2"/>
      </object_component>
      <object_component id="oc-8d">
         <name>.debug_info</name>
         <load_address>0x20fa</load_address>
         <run_address>0x20fa</run_address>
         <size>0x53</size>
         <input_file_ref idref="fl-2"/>
      </object_component>
      <object_component id="oc-10b">
         <name>.debug_info</name>
         <load_address>0x214d</load_address>
         <run_address>0x214d</run_address>
         <size>0x14c</size>
         <input_file_ref idref="fl-2"/>
      </object_component>
      <object_component id="oc-13d">
         <name>.debug_info</name>
         <load_address>0x2299</load_address>
         <run_address>0x2299</run_address>
         <size>0x5d8</size>
         <input_file_ref idref="fl-3"/>
      </object_component>
      <object_component id="oc-142">
         <name>.debug_info</name>
         <load_address>0x2871</load_address>
         <run_address>0x2871</run_address>
         <size>0x2a4</size>
         <input_file_ref idref="fl-3"/>
      </object_component>
      <object_component id="oc-3e">
         <name>.debug_info</name>
         <load_address>0x2b15</load_address>
         <run_address>0x2b15</run_address>
         <size>0x84</size>
         <input_file_ref idref="fl-3"/>
      </object_component>
      <object_component id="oc-14e">
         <name>.debug_info</name>
         <load_address>0x2b99</load_address>
         <run_address>0x2b99</run_address>
         <size>0x601</size>
         <input_file_ref idref="fl-4"/>
      </object_component>
      <object_component id="oc-c0">
         <name>.debug_info</name>
         <load_address>0x319a</load_address>
         <run_address>0x319a</run_address>
         <size>0x277</size>
         <input_file_ref idref="fl-4"/>
      </object_component>
      <object_component id="oc-37">
         <name>.debug_info</name>
         <load_address>0x3411</load_address>
         <run_address>0x3411</run_address>
         <size>0x332</size>
         <input_file_ref idref="fl-5"/>
      </object_component>
      <object_component id="oc-10">
         <name>.debug_info</name>
         <load_address>0x3743</load_address>
         <run_address>0x3743</run_address>
         <size>0xf1</size>
         <input_file_ref idref="fl-5"/>
      </object_component>
      <object_component id="oc-25">
         <name>.debug_info</name>
         <load_address>0x3834</load_address>
         <run_address>0x3834</run_address>
         <size>0x26d</size>
         <input_file_ref idref="fl-5"/>
      </object_component>
      <object_component id="oc-27a">
         <name>.debug_info</name>
         <load_address>0x3aa1</load_address>
         <run_address>0x3aa1</run_address>
         <size>0xdc</size>
         <input_file_ref idref="fl-6"/>
      </object_component>
      <object_component id="oc-1e6">
         <name>.debug_info</name>
         <load_address>0x3b7d</load_address>
         <run_address>0x3b7d</run_address>
         <size>0x489</size>
         <input_file_ref idref="fl-6"/>
      </object_component>
      <object_component id="oc-236">
         <name>.debug_info</name>
         <load_address>0x4006</load_address>
         <run_address>0x4006</run_address>
         <size>0x4d7</size>
         <input_file_ref idref="fl-7"/>
      </object_component>
      <object_component id="oc-20e">
         <name>.debug_info</name>
         <load_address>0x44dd</load_address>
         <run_address>0x44dd</run_address>
         <size>0xb50</size>
         <input_file_ref idref="fl-7"/>
      </object_component>
      <object_component id="oc-194">
         <name>.debug_info</name>
         <load_address>0x502d</load_address>
         <run_address>0x502d</run_address>
         <size>0x110</size>
         <input_file_ref idref="fl-7"/>
      </object_component>
      <object_component id="oc-19e">
         <name>.debug_info</name>
         <load_address>0x513d</load_address>
         <run_address>0x513d</run_address>
         <size>0x461</size>
         <input_file_ref idref="fl-7"/>
      </object_component>
      <object_component id="oc-1e0">
         <name>.debug_info</name>
         <load_address>0x559e</load_address>
         <run_address>0x559e</run_address>
         <size>0x3ca</size>
         <input_file_ref idref="fl-8"/>
      </object_component>
      <object_component id="oc-1f2">
         <name>.debug_info</name>
         <load_address>0x5968</load_address>
         <run_address>0x5968</run_address>
         <size>0x4ef</size>
         <input_file_ref idref="fl-9"/>
      </object_component>
      <object_component id="oc-1da">
         <name>.debug_info</name>
         <load_address>0x5e57</load_address>
         <run_address>0x5e57</run_address>
         <size>0x303</size>
         <input_file_ref idref="fl-a"/>
      </object_component>
      <object_component id="oc-1ec">
         <name>.debug_info</name>
         <load_address>0x615a</load_address>
         <run_address>0x615a</run_address>
         <size>0x364</size>
         <input_file_ref idref="fl-b"/>
      </object_component>
      <object_component id="oc-1cd">
         <name>.debug_info</name>
         <load_address>0x64be</load_address>
         <run_address>0x64be</run_address>
         <size>0x635</size>
         <input_file_ref idref="fl-c"/>
      </object_component>
      <object_component id="oc-131">
         <name>.debug_info</name>
         <load_address>0x6af3</load_address>
         <run_address>0x6af3</run_address>
         <size>0x14e4</size>
         <input_file_ref idref="fl-c"/>
      </object_component>
      <object_component id="oc-241">
         <name>.debug_info</name>
         <load_address>0x7fd7</load_address>
         <run_address>0x7fd7</run_address>
         <size>0x76</size>
         <input_file_ref idref="fl-c"/>
      </object_component>
      <object_component id="oc-1c8">
         <name>.debug_info</name>
         <load_address>0x804d</load_address>
         <run_address>0x804d</run_address>
         <size>0x39</size>
         <input_file_ref idref="fl-c"/>
      </object_component>
      <object_component id="oc-1ac">
         <name>.debug_info</name>
         <load_address>0x8086</load_address>
         <run_address>0x8086</run_address>
         <size>0x367</size>
         <input_file_ref idref="fl-d"/>
      </object_component>
      <object_component id="oc-e2">
         <name>.debug_info</name>
         <load_address>0x83ed</load_address>
         <run_address>0x83ed</run_address>
         <size>0x4ad</size>
         <input_file_ref idref="fl-d"/>
      </object_component>
      <object_component id="oc-1cf">
         <name>.debug_info</name>
         <load_address>0x889a</load_address>
         <run_address>0x889a</run_address>
         <size>0x835</size>
         <input_file_ref idref="fl-e"/>
      </object_component>
      <object_component id="oc-137">
         <name>.debug_info</name>
         <load_address>0x90cf</load_address>
         <run_address>0x90cf</run_address>
         <size>0x346e</size>
         <input_file_ref idref="fl-e"/>
      </object_component>
      <object_component id="oc-248">
         <name>.debug_info</name>
         <load_address>0xc53d</load_address>
         <run_address>0xc53d</run_address>
         <size>0x23f</size>
         <input_file_ref idref="fl-e"/>
      </object_component>
      <object_component id="oc-1d2">
         <name>.debug_info</name>
         <load_address>0xc77c</load_address>
         <run_address>0xc77c</run_address>
         <size>0x46</size>
         <input_file_ref idref="fl-e"/>
      </object_component>
      <object_component id="oc-d3">
         <name>.debug_info</name>
         <load_address>0xc7c2</load_address>
         <run_address>0xc7c2</run_address>
         <size>0x796</size>
         <input_file_ref idref="fl-f"/>
      </object_component>
      <object_component id="oc-77">
         <name>.debug_info</name>
         <load_address>0xcf58</load_address>
         <run_address>0xcf58</run_address>
         <size>0x34a</size>
         <input_file_ref idref="fl-f"/>
      </object_component>
      <object_component id="oc-e8">
         <name>.debug_info</name>
         <load_address>0xd2a2</load_address>
         <run_address>0xd2a2</run_address>
         <size>0xf1</size>
         <input_file_ref idref="fl-f"/>
      </object_component>
      <object_component id="oc-f7">
         <name>.debug_info</name>
         <load_address>0xd393</load_address>
         <run_address>0xd393</run_address>
         <size>0xf1</size>
         <input_file_ref idref="fl-f"/>
      </object_component>
      <object_component id="oc-fa">
         <name>.debug_info</name>
         <load_address>0xd484</load_address>
         <run_address>0xd484</run_address>
         <size>0xf1</size>
         <input_file_ref idref="fl-f"/>
      </object_component>
      <object_component id="oc-ee">
         <name>.debug_info</name>
         <load_address>0xd575</load_address>
         <run_address>0xd575</run_address>
         <size>0x134</size>
         <input_file_ref idref="fl-f"/>
      </object_component>
      <object_component id="oc-f4">
         <name>.debug_info</name>
         <load_address>0xd6a9</load_address>
         <run_address>0xd6a9</run_address>
         <size>0xf1</size>
         <input_file_ref idref="fl-f"/>
      </object_component>
      <object_component id="oc-eb">
         <name>.debug_info</name>
         <load_address>0xd79a</load_address>
         <run_address>0xd79a</run_address>
         <size>0xff</size>
         <input_file_ref idref="fl-f"/>
      </object_component>
      <object_component id="oc-f1">
         <name>.debug_info</name>
         <load_address>0xd899</load_address>
         <run_address>0xd899</run_address>
         <size>0xf3</size>
         <input_file_ref idref="fl-f"/>
      </object_component>
      <object_component id="oc-7d">
         <name>.debug_info</name>
         <load_address>0xd98c</load_address>
         <run_address>0xd98c</run_address>
         <size>0x48fc</size>
         <input_file_ref idref="fl-f"/>
      </object_component>
      <object_component id="oc-d4">
         <name>.debug_info</name>
         <load_address>0x12288</load_address>
         <run_address>0x12288</run_address>
         <size>0x30c</size>
         <input_file_ref idref="fl-f"/>
      </object_component>
      <object_component id="oc-199">
         <name>.debug_info</name>
         <load_address>0x12594</load_address>
         <run_address>0x12594</run_address>
         <size>0x144</size>
         <input_file_ref idref="fl-f"/>
      </object_component>
      <object_component id="oc-87">
         <name>.debug_info</name>
         <load_address>0x126d8</load_address>
         <run_address>0x126d8</run_address>
         <size>0x402</size>
         <input_file_ref idref="fl-10"/>
      </object_component>
      <object_component id="oc-7a">
         <name>.debug_info</name>
         <load_address>0x12ada</load_address>
         <run_address>0x12ada</run_address>
         <size>0x11e</size>
         <input_file_ref idref="fl-10"/>
      </object_component>
      <object_component id="oc-84">
         <name>.debug_info</name>
         <load_address>0x12bf8</load_address>
         <run_address>0x12bf8</run_address>
         <size>0x105</size>
         <input_file_ref idref="fl-10"/>
      </object_component>
      <object_component id="oc-30">
         <name>.debug_info</name>
         <load_address>0x12cfd</load_address>
         <run_address>0x12cfd</run_address>
         <size>0x6b5</size>
         <input_file_ref idref="fl-10"/>
      </object_component>
      <object_component id="oc-2b">
         <name>.debug_info</name>
         <load_address>0x133b2</load_address>
         <run_address>0x133b2</run_address>
         <size>0x256</size>
         <input_file_ref idref="fl-11"/>
      </object_component>
      <object_component id="oc-1aa">
         <name>.debug_info</name>
         <load_address>0x13608</load_address>
         <run_address>0x13608</run_address>
         <size>0x405</size>
         <input_file_ref idref="fl-12"/>
      </object_component>
      <object_component id="oc-1a7">
         <name>.debug_info</name>
         <load_address>0x13a0d</load_address>
         <run_address>0x13a0d</run_address>
         <size>0xec</size>
         <input_file_ref idref="fl-12"/>
      </object_component>
      <object_component id="oc-1a4">
         <name>.debug_info</name>
         <load_address>0x13af9</load_address>
         <run_address>0x13af9</run_address>
         <size>0xfa</size>
         <input_file_ref idref="fl-12"/>
      </object_component>
      <object_component id="oc-dc">
         <name>.debug_info</name>
         <load_address>0x13bf3</load_address>
         <run_address>0x13bf3</run_address>
         <size>0x3d2</size>
         <input_file_ref idref="fl-12"/>
      </object_component>
      <object_component id="oc-b4">
         <name>.debug_info</name>
         <load_address>0x13fc5</load_address>
         <run_address>0x13fc5</run_address>
         <size>0x14a</size>
         <input_file_ref idref="fl-cf"/>
      </object_component>
      <object_component id="oc-1fe">
         <name>.debug_info</name>
         <load_address>0x1410f</load_address>
         <run_address>0x1410f</run_address>
         <size>0x13d</size>
         <input_file_ref idref="fl-d1"/>
      </object_component>
      <object_component id="oc-203">
         <name>.debug_info</name>
         <load_address>0x1424c</load_address>
         <run_address>0x1424c</run_address>
         <size>0x131</size>
         <input_file_ref idref="fl-d2"/>
      </object_component>
      <object_component id="oc-44">
         <name>.debug_info</name>
         <load_address>0x1437d</load_address>
         <run_address>0x1437d</run_address>
         <size>0x11c</size>
         <input_file_ref idref="fl-d3"/>
      </object_component>
      <object_component id="oc-1f9">
         <name>.debug_info</name>
         <load_address>0x14499</load_address>
         <run_address>0x14499</run_address>
         <size>0x131</size>
         <input_file_ref idref="fl-d4"/>
      </object_component>
      <object_component id="oc-b2">
         <name>.debug_info</name>
         <load_address>0x145ca</load_address>
         <run_address>0x145ca</run_address>
         <size>0x31e</size>
         <input_file_ref idref="fl-d5"/>
      </object_component>
      <object_component id="oc-59">
         <name>.debug_info</name>
         <load_address>0x148e8</load_address>
         <run_address>0x148e8</run_address>
         <size>0x1b5</size>
         <input_file_ref idref="fl-d5"/>
      </object_component>
      <object_component id="oc-ad">
         <name>.debug_info</name>
         <load_address>0x14a9d</load_address>
         <run_address>0x14a9d</run_address>
         <size>0x46</size>
         <input_file_ref idref="fl-d5"/>
      </object_component>
      <object_component id="oc-127">
         <name>.debug_info</name>
         <load_address>0x14ae3</load_address>
         <run_address>0x14ae3</run_address>
         <size>0x2c</size>
         <input_file_ref idref="fl-d5"/>
      </object_component>
      <object_component id="oc-4e">
         <name>.debug_info</name>
         <load_address>0x14b0f</load_address>
         <run_address>0x14b0f</run_address>
         <size>0x2a8</size>
         <input_file_ref idref="fl-d6"/>
      </object_component>
      <object_component id="oc-1c">
         <name>.debug_info</name>
         <load_address>0x14db7</load_address>
         <run_address>0x14db7</run_address>
         <size>0x1ea</size>
         <input_file_ref idref="fl-d6"/>
      </object_component>
      <object_component id="oc-49">
         <name>.debug_info</name>
         <load_address>0x14fa1</load_address>
         <run_address>0x14fa1</run_address>
         <size>0x46</size>
         <input_file_ref idref="fl-d6"/>
      </object_component>
      <object_component id="oc-a5">
         <name>.debug_info</name>
         <load_address>0x14fe7</load_address>
         <run_address>0x14fe7</run_address>
         <size>0x2c</size>
         <input_file_ref idref="fl-d6"/>
      </object_component>
      <object_component id="oc-a3">
         <name>.debug_info</name>
         <load_address>0x15013</load_address>
         <run_address>0x15013</run_address>
         <size>0x29e</size>
         <input_file_ref idref="fl-d7"/>
      </object_component>
      <object_component id="oc-16">
         <name>.debug_info</name>
         <load_address>0x152b1</load_address>
         <run_address>0x152b1</run_address>
         <size>0x250</size>
         <input_file_ref idref="fl-d7"/>
      </object_component>
      <object_component id="oc-39">
         <name>.debug_info</name>
         <load_address>0x15501</load_address>
         <run_address>0x15501</run_address>
         <size>0x60</size>
         <input_file_ref idref="fl-d7"/>
      </object_component>
      <object_component id="oc-120">
         <name>.debug_info</name>
         <load_address>0x15561</load_address>
         <run_address>0x15561</run_address>
         <size>0x46</size>
         <input_file_ref idref="fl-d7"/>
      </object_component>
      <object_component id="oc-9e">
         <name>.debug_info</name>
         <load_address>0x155a7</load_address>
         <run_address>0x155a7</run_address>
         <size>0x39</size>
         <input_file_ref idref="fl-d7"/>
      </object_component>
      <object_component id="oc-22">
         <name>.debug_info</name>
         <load_address>0x155e0</load_address>
         <run_address>0x155e0</run_address>
         <size>0x10b</size>
         <input_file_ref idref="fl-d8"/>
      </object_component>
      <object_component id="oc-64">
         <name>.debug_info</name>
         <load_address>0x156eb</load_address>
         <run_address>0x156eb</run_address>
         <size>0x1af</size>
         <input_file_ref idref="fl-d8"/>
      </object_component>
      <object_component id="oc-152">
         <name>.debug_info</name>
         <load_address>0x1589a</load_address>
         <run_address>0x1589a</run_address>
         <size>0x122</size>
         <input_file_ref idref="fl-d9"/>
      </object_component>
      <object_component id="oc-2ed">
         <name>.debug_info</name>
         <load_address>0x159bc</load_address>
         <run_address>0x159bc</run_address>
         <size>0x2c9</size>
         <input_file_ref idref="fl-da"/>
      </object_component>
      <object_component id="oc-21b">
         <name>.debug_info</name>
         <load_address>0x15c85</load_address>
         <run_address>0x15c85</run_address>
         <size>0x11e</size>
         <input_file_ref idref="fl-da"/>
      </object_component>
      <object_component id="oc-2e9">
         <name>.debug_info</name>
         <load_address>0x15da3</load_address>
         <run_address>0x15da3</run_address>
         <size>0x12e</size>
         <input_file_ref idref="fl-da"/>
      </object_component>
      <object_component id="oc-33a">
         <name>.debug_info</name>
         <load_address>0x15ed1</load_address>
         <run_address>0x15ed1</run_address>
         <size>0xfb</size>
         <input_file_ref idref="fl-dc"/>
      </object_component>
      <object_component id="oc-2de">
         <name>.debug_info</name>
         <load_address>0x15fcc</load_address>
         <run_address>0x15fcc</run_address>
         <size>0x13d</size>
         <input_file_ref idref="fl-dc"/>
      </object_component>
      <object_component id="oc-221">
         <name>.debug_info</name>
         <load_address>0x16109</load_address>
         <run_address>0x16109</run_address>
         <size>0x552</size>
         <input_file_ref idref="fl-de"/>
      </object_component>
      <object_component id="oc-15d">
         <name>.debug_info</name>
         <load_address>0x1665b</load_address>
         <run_address>0x1665b</run_address>
         <size>0x1a6</size>
         <input_file_ref idref="fl-de"/>
      </object_component>
      <object_component id="oc-2f3">
         <name>.debug_info</name>
         <load_address>0x16801</load_address>
         <run_address>0x16801</run_address>
         <size>0x39</size>
         <input_file_ref idref="fl-de"/>
      </object_component>
      <object_component id="oc-340">
         <name>.debug_info</name>
         <load_address>0x1683a</load_address>
         <run_address>0x1683a</run_address>
         <size>0x39</size>
         <input_file_ref idref="fl-de"/>
      </object_component>
      <object_component id="oc-2f8">
         <name>.debug_info</name>
         <load_address>0x16873</load_address>
         <run_address>0x16873</run_address>
         <size>0x39</size>
         <input_file_ref idref="fl-de"/>
      </object_component>
      <object_component id="oc-2fd">
         <name>.debug_info</name>
         <load_address>0x168ac</load_address>
         <run_address>0x168ac</run_address>
         <size>0xcd</size>
         <input_file_ref idref="fl-de"/>
      </object_component>
      <object_component id="oc-bd">
         <name>.debug_info</name>
         <load_address>0x16979</load_address>
         <run_address>0x16979</run_address>
         <size>0x153</size>
         <input_file_ref idref="fl-df"/>
      </object_component>
      <object_component id="oc-311">
         <name>.debug_info</name>
         <load_address>0x16acc</load_address>
         <run_address>0x16acc</run_address>
         <size>0x240</size>
         <input_file_ref idref="fl-e1"/>
      </object_component>
      <object_component id="oc-318">
         <name>.debug_info</name>
         <load_address>0x16d0c</load_address>
         <run_address>0x16d0c</run_address>
         <size>0x15b</size>
         <input_file_ref idref="fl-e1"/>
      </object_component>
      <object_component id="oc-275">
         <name>.debug_info</name>
         <load_address>0x16e67</load_address>
         <run_address>0x16e67</run_address>
         <size>0x2a3</size>
         <input_file_ref idref="fl-e1"/>
      </object_component>
      <object_component id="oc-30c">
         <name>.debug_info</name>
         <load_address>0x1710a</load_address>
         <run_address>0x1710a</run_address>
         <size>0x2b3</size>
         <input_file_ref idref="fl-e1"/>
      </object_component>
      <object_component id="oc-262">
         <name>.debug_info</name>
         <load_address>0x173bd</load_address>
         <run_address>0x173bd</run_address>
         <size>0x316</size>
         <input_file_ref idref="fl-e1"/>
      </object_component>
      <object_component id="oc-28b">
         <name>.debug_info</name>
         <load_address>0x176d3</load_address>
         <run_address>0x176d3</run_address>
         <size>0x27b</size>
         <input_file_ref idref="fl-e1"/>
      </object_component>
      <object_component id="oc-2b6">
         <name>.debug_info</name>
         <load_address>0x1794e</load_address>
         <run_address>0x1794e</run_address>
         <size>0x279</size>
         <input_file_ref idref="fl-e1"/>
      </object_component>
      <object_component id="oc-26f">
         <name>.debug_info</name>
         <load_address>0x17bc7</load_address>
         <run_address>0x17bc7</run_address>
         <size>0x2b7</size>
         <input_file_ref idref="fl-e1"/>
      </object_component>
      <object_component id="oc-25c">
         <name>.debug_info</name>
         <load_address>0x17e7e</load_address>
         <run_address>0x17e7e</run_address>
         <size>0x285</size>
         <input_file_ref idref="fl-e1"/>
      </object_component>
      <object_component id="oc-268">
         <name>.debug_info</name>
         <load_address>0x18103</load_address>
         <run_address>0x18103</run_address>
         <size>0x27b</size>
         <input_file_ref idref="fl-e1"/>
      </object_component>
      <object_component id="oc-285">
         <name>.debug_info</name>
         <load_address>0x1837e</load_address>
         <run_address>0x1837e</run_address>
         <size>0x280</size>
         <input_file_ref idref="fl-e1"/>
      </object_component>
      <object_component id="oc-2d6">
         <name>.debug_info</name>
         <load_address>0x185fe</load_address>
         <run_address>0x185fe</run_address>
         <size>0x18b</size>
         <input_file_ref idref="fl-e1"/>
      </object_component>
      <object_component id="oc-331">
         <name>.debug_info</name>
         <load_address>0x18789</load_address>
         <run_address>0x18789</run_address>
         <size>0x21c</size>
         <input_file_ref idref="fl-e3"/>
      </object_component>
      <object_component id="oc-2ba">
         <name>.debug_info</name>
         <load_address>0x189a5</load_address>
         <run_address>0x189a5</run_address>
         <size>0x242</size>
         <input_file_ref idref="fl-e3"/>
      </object_component>
      <object_component id="oc-2c0">
         <name>.debug_info</name>
         <load_address>0x18be7</load_address>
         <run_address>0x18be7</run_address>
         <size>0x276</size>
         <input_file_ref idref="fl-e3"/>
      </object_component>
      <object_component id="oc-2cc">
         <name>.debug_info</name>
         <load_address>0x18e5d</load_address>
         <run_address>0x18e5d</run_address>
         <size>0x29a</size>
         <input_file_ref idref="fl-e3"/>
      </object_component>
      <object_component id="oc-2ae">
         <name>.debug_info</name>
         <load_address>0x190f7</load_address>
         <run_address>0x190f7</run_address>
         <size>0x3d9</size>
         <input_file_ref idref="fl-e3"/>
      </object_component>
      <object_component id="oc-2c6">
         <name>.debug_info</name>
         <load_address>0x194d0</load_address>
         <run_address>0x194d0</run_address>
         <size>0x242</size>
         <input_file_ref idref="fl-e3"/>
      </object_component>
      <object_component id="oc-307">
         <name>.debug_info</name>
         <load_address>0x19712</load_address>
         <run_address>0x19712</run_address>
         <size>0x298</size>
         <input_file_ref idref="fl-e4"/>
      </object_component>
      <object_component id="oc-31d">
         <name>.debug_info</name>
         <load_address>0x199aa</load_address>
         <run_address>0x199aa</run_address>
         <size>0x14d</size>
         <input_file_ref idref="fl-e4"/>
      </object_component>
      <object_component id="oc-254">
         <name>.debug_info</name>
         <load_address>0x19af7</load_address>
         <run_address>0x19af7</run_address>
         <size>0x27f</size>
         <input_file_ref idref="fl-e4"/>
      </object_component>
      <object_component id="oc-24e">
         <name>.debug_info</name>
         <load_address>0x19d76</load_address>
         <run_address>0x19d76</run_address>
         <size>0x27d</size>
         <input_file_ref idref="fl-e4"/>
      </object_component>
      <object_component id="oc-28f">
         <name>.debug_info</name>
         <load_address>0x19ff3</load_address>
         <run_address>0x19ff3</run_address>
         <size>0x2b5</size>
         <input_file_ref idref="fl-e4"/>
      </object_component>
      <object_component id="oc-34e">
         <name>.debug_info</name>
         <load_address>0x1a2a8</load_address>
         <run_address>0x1a2a8</run_address>
         <size>0x5f</size>
         <input_file_ref idref="fl-e4"/>
      </object_component>
      <object_component id="oc-2db">
         <name>.debug_info</name>
         <load_address>0x1a307</load_address>
         <run_address>0x1a307</run_address>
         <size>0x227</size>
         <input_file_ref idref="fl-e5"/>
      </object_component>
      <object_component id="oc-327">
         <name>.debug_info</name>
         <load_address>0x1a52e</load_address>
         <run_address>0x1a52e</run_address>
         <size>0x247</size>
         <input_file_ref idref="fl-e5"/>
      </object_component>
      <object_component id="oc-321">
         <name>.debug_info</name>
         <load_address>0x1a775</load_address>
         <run_address>0x1a775</run_address>
         <size>0x249</size>
         <input_file_ref idref="fl-e5"/>
      </object_component>
      <object_component id="oc-295">
         <name>.debug_info</name>
         <load_address>0x1a9be</load_address>
         <run_address>0x1a9be</run_address>
         <size>0x326</size>
         <input_file_ref idref="fl-e5"/>
      </object_component>
      <object_component id="oc-208">
         <name>.debug_info</name>
         <load_address>0x1ace4</load_address>
         <run_address>0x1ace4</run_address>
         <size>0x253</size>
         <input_file_ref idref="fl-e5"/>
      </object_component>
      <object_component id="oc-29b">
         <name>.debug_info</name>
         <load_address>0x1af37</load_address>
         <run_address>0x1af37</run_address>
         <size>0x28d</size>
         <input_file_ref idref="fl-e5"/>
      </object_component>
      <object_component id="oc-2a7">
         <name>.debug_info</name>
         <load_address>0x1b1c4</load_address>
         <run_address>0x1b1c4</run_address>
         <size>0x263</size>
         <input_file_ref idref="fl-e5"/>
      </object_component>
      <object_component id="oc-2a1">
         <name>.debug_info</name>
         <load_address>0x1b427</load_address>
         <run_address>0x1b427</run_address>
         <size>0x247</size>
         <input_file_ref idref="fl-e5"/>
      </object_component>
      <object_component id="oc-38c">
         <name>.debug_info</name>
         <load_address>0x1b66e</load_address>
         <run_address>0x1b66e</run_address>
         <size>0xa7</size>
      </object_component>
      <object_component id="oc-1bc">
         <name>.debug_line</name>
         <load_address>0x0</load_address>
         <run_address>0x0</run_address>
         <size>0x160</size>
         <input_file_ref idref="fl-2"/>
      </object_component>
      <object_component id="oc-14b">
         <name>.debug_line</name>
         <load_address>0x160</load_address>
         <run_address>0x160</run_address>
         <size>0x1a5</size>
         <input_file_ref idref="fl-2"/>
      </object_component>
      <object_component id="oc-109">
         <name>.debug_line</name>
         <load_address>0x305</load_address>
         <run_address>0x305</run_address>
         <size>0x3f</size>
         <input_file_ref idref="fl-2"/>
      </object_component>
      <object_component id="oc-97">
         <name>.debug_line</name>
         <load_address>0x344</load_address>
         <run_address>0x344</run_address>
         <size>0x69</size>
         <input_file_ref idref="fl-2"/>
      </object_component>
      <object_component id="oc-113">
         <name>.debug_line</name>
         <load_address>0x3ad</load_address>
         <run_address>0x3ad</run_address>
         <size>0x43</size>
         <input_file_ref idref="fl-2"/>
      </object_component>
      <object_component id="oc-1c0">
         <name>.debug_line</name>
         <load_address>0x3f0</load_address>
         <run_address>0x3f0</run_address>
         <size>0x47</size>
         <input_file_ref idref="fl-2"/>
      </object_component>
      <object_component id="oc-1c5">
         <name>.debug_line</name>
         <load_address>0x437</load_address>
         <run_address>0x437</run_address>
         <size>0x40</size>
         <input_file_ref idref="fl-2"/>
      </object_component>
      <object_component id="oc-119">
         <name>.debug_line</name>
         <load_address>0x477</load_address>
         <run_address>0x477</run_address>
         <size>0x20</size>
         <input_file_ref idref="fl-2"/>
      </object_component>
      <object_component id="oc-8b">
         <name>.debug_line</name>
         <load_address>0x497</load_address>
         <run_address>0x497</run_address>
         <size>0x43</size>
         <input_file_ref idref="fl-2"/>
      </object_component>
      <object_component id="oc-192">
         <name>.debug_line</name>
         <load_address>0x4da</load_address>
         <run_address>0x4da</run_address>
         <size>0x41</size>
         <input_file_ref idref="fl-2"/>
      </object_component>
      <object_component id="oc-11e">
         <name>.debug_line</name>
         <load_address>0x51b</load_address>
         <run_address>0x51b</run_address>
         <size>0x6d</size>
         <input_file_ref idref="fl-2"/>
      </object_component>
      <object_component id="oc-9c">
         <name>.debug_line</name>
         <load_address>0x588</load_address>
         <run_address>0x588</run_address>
         <size>0x6a</size>
         <input_file_ref idref="fl-2"/>
      </object_component>
      <object_component id="oc-280">
         <name>.debug_line</name>
         <load_address>0x5f2</load_address>
         <run_address>0x5f2</run_address>
         <size>0x41</size>
         <input_file_ref idref="fl-2"/>
      </object_component>
      <object_component id="oc-104">
         <name>.debug_line</name>
         <load_address>0x633</load_address>
         <run_address>0x633</run_address>
         <size>0x65</size>
         <input_file_ref idref="fl-2"/>
      </object_component>
      <object_component id="oc-90">
         <name>.debug_line</name>
         <load_address>0x698</load_address>
         <run_address>0x698</run_address>
         <size>0x5d</size>
         <input_file_ref idref="fl-2"/>
      </object_component>
      <object_component id="oc-10e">
         <name>.debug_line</name>
         <load_address>0x6f5</load_address>
         <run_address>0x6f5</run_address>
         <size>0x3f</size>
         <input_file_ref idref="fl-2"/>
      </object_component>
      <object_component id="oc-1d8">
         <name>.debug_line</name>
         <load_address>0x734</load_address>
         <run_address>0x734</run_address>
         <size>0x110</size>
         <input_file_ref idref="fl-3"/>
      </object_component>
      <object_component id="oc-145">
         <name>.debug_line</name>
         <load_address>0x844</load_address>
         <run_address>0x844</run_address>
         <size>0x7c</size>
         <input_file_ref idref="fl-3"/>
      </object_component>
      <object_component id="oc-41">
         <name>.debug_line</name>
         <load_address>0x8c0</load_address>
         <run_address>0x8c0</run_address>
         <size>0x20</size>
         <input_file_ref idref="fl-3"/>
      </object_component>
      <object_component id="oc-215">
         <name>.debug_line</name>
         <load_address>0x8e0</load_address>
         <run_address>0x8e0</run_address>
         <size>0xa0</size>
         <input_file_ref idref="fl-4"/>
      </object_component>
      <object_component id="oc-c3">
         <name>.debug_line</name>
         <load_address>0x980</load_address>
         <run_address>0x980</run_address>
         <size>0x65</size>
         <input_file_ref idref="fl-4"/>
      </object_component>
      <object_component id="oc-93">
         <name>.debug_line</name>
         <load_address>0x9e5</load_address>
         <run_address>0x9e5</run_address>
         <size>0x41</size>
         <input_file_ref idref="fl-5"/>
      </object_component>
      <object_component id="oc-36">
         <name>.debug_line</name>
         <load_address>0xa26</load_address>
         <run_address>0xa26</run_address>
         <size>0x41</size>
         <input_file_ref idref="fl-5"/>
      </object_component>
      <object_component id="oc-28">
         <name>.debug_line</name>
         <load_address>0xa67</load_address>
         <run_address>0xa67</run_address>
         <size>0xa1</size>
         <input_file_ref idref="fl-5"/>
      </object_component>
      <object_component id="oc-316">
         <name>.debug_line</name>
         <load_address>0xb08</load_address>
         <run_address>0xb08</run_address>
         <size>0x3e</size>
         <input_file_ref idref="fl-6"/>
      </object_component>
      <object_component id="oc-1e9">
         <name>.debug_line</name>
         <load_address>0xb46</load_address>
         <run_address>0xb46</run_address>
         <size>0xd3</size>
         <input_file_ref idref="fl-6"/>
      </object_component>
      <object_component id="oc-305">
         <name>.debug_line</name>
         <load_address>0xc19</load_address>
         <run_address>0xc19</run_address>
         <size>0x104</size>
         <input_file_ref idref="fl-7"/>
      </object_component>
      <object_component id="oc-211">
         <name>.debug_line</name>
         <load_address>0xd1d</load_address>
         <run_address>0xd1d</run_address>
         <size>0x1be</size>
         <input_file_ref idref="fl-7"/>
      </object_component>
      <object_component id="oc-197">
         <name>.debug_line</name>
         <load_address>0xedb</load_address>
         <run_address>0xedb</run_address>
         <size>0x65</size>
         <input_file_ref idref="fl-7"/>
      </object_component>
      <object_component id="oc-1a1">
         <name>.debug_line</name>
         <load_address>0xf40</load_address>
         <run_address>0xf40</run_address>
         <size>0x55</size>
         <input_file_ref idref="fl-7"/>
      </object_component>
      <object_component id="oc-1e3">
         <name>.debug_line</name>
         <load_address>0xf95</load_address>
         <run_address>0xf95</run_address>
         <size>0xe2</size>
         <input_file_ref idref="fl-8"/>
      </object_component>
      <object_component id="oc-1f5">
         <name>.debug_line</name>
         <load_address>0x1077</load_address>
         <run_address>0x1077</run_address>
         <size>0xd1</size>
         <input_file_ref idref="fl-9"/>
      </object_component>
      <object_component id="oc-1dd">
         <name>.debug_line</name>
         <load_address>0x1148</load_address>
         <run_address>0x1148</run_address>
         <size>0xa5</size>
         <input_file_ref idref="fl-a"/>
      </object_component>
      <object_component id="oc-1ef">
         <name>.debug_line</name>
         <load_address>0x11ed</load_address>
         <run_address>0x11ed</run_address>
         <size>0xa0</size>
         <input_file_ref idref="fl-b"/>
      </object_component>
      <object_component id="oc-240">
         <name>.debug_line</name>
         <load_address>0x128d</load_address>
         <run_address>0x128d</run_address>
         <size>0xbe</size>
         <input_file_ref idref="fl-c"/>
      </object_component>
      <object_component id="oc-134">
         <name>.debug_line</name>
         <load_address>0x134b</load_address>
         <run_address>0x134b</run_address>
         <size>0x329</size>
         <input_file_ref idref="fl-c"/>
      </object_component>
      <object_component id="oc-244">
         <name>.debug_line</name>
         <load_address>0x1674</load_address>
         <run_address>0x1674</run_address>
         <size>0x3e</size>
         <input_file_ref idref="fl-c"/>
      </object_component>
      <object_component id="oc-1cb">
         <name>.debug_line</name>
         <load_address>0x16b2</load_address>
         <run_address>0x16b2</run_address>
         <size>0x47</size>
         <input_file_ref idref="fl-c"/>
      </object_component>
      <object_component id="oc-23e">
         <name>.debug_line</name>
         <load_address>0x16f9</load_address>
         <run_address>0x16f9</run_address>
         <size>0x20</size>
         <input_file_ref idref="fl-d"/>
      </object_component>
      <object_component id="oc-e5">
         <name>.debug_line</name>
         <load_address>0x1719</load_address>
         <run_address>0x1719</run_address>
         <size>0xec</size>
         <input_file_ref idref="fl-d"/>
      </object_component>
      <object_component id="oc-247">
         <name>.debug_line</name>
         <load_address>0x1805</load_address>
         <run_address>0x1805</run_address>
         <size>0xd5</size>
         <input_file_ref idref="fl-e"/>
      </object_component>
      <object_component id="oc-13a">
         <name>.debug_line</name>
         <load_address>0x18da</load_address>
         <run_address>0x18da</run_address>
         <size>0x8d3</size>
         <input_file_ref idref="fl-e"/>
      </object_component>
      <object_component id="oc-24b">
         <name>.debug_line</name>
         <load_address>0x21ad</load_address>
         <run_address>0x21ad</run_address>
         <size>0x37</size>
         <input_file_ref idref="fl-e"/>
      </object_component>
      <object_component id="oc-1d5">
         <name>.debug_line</name>
         <load_address>0x21e4</load_address>
         <run_address>0x21e4</run_address>
         <size>0x40</size>
         <input_file_ref idref="fl-e"/>
      </object_component>
      <object_component id="oc-18e">
         <name>.debug_line</name>
         <load_address>0x2224</load_address>
         <run_address>0x2224</run_address>
         <size>0xfb</size>
         <input_file_ref idref="fl-f"/>
      </object_component>
      <object_component id="oc-d2">
         <name>.debug_line</name>
         <load_address>0x231f</load_address>
         <run_address>0x231f</run_address>
         <size>0x37</size>
         <input_file_ref idref="fl-f"/>
      </object_component>
      <object_component id="oc-1ae">
         <name>.debug_line</name>
         <load_address>0x2356</load_address>
         <run_address>0x2356</run_address>
         <size>0x37</size>
         <input_file_ref idref="fl-f"/>
      </object_component>
      <object_component id="oc-1b8">
         <name>.debug_line</name>
         <load_address>0x238d</load_address>
         <run_address>0x238d</run_address>
         <size>0x37</size>
         <input_file_ref idref="fl-f"/>
      </object_component>
      <object_component id="oc-1ba">
         <name>.debug_line</name>
         <load_address>0x23c4</load_address>
         <run_address>0x23c4</run_address>
         <size>0x37</size>
         <input_file_ref idref="fl-f"/>
      </object_component>
      <object_component id="oc-1b2">
         <name>.debug_line</name>
         <load_address>0x23fb</load_address>
         <run_address>0x23fb</run_address>
         <size>0x37</size>
         <input_file_ref idref="fl-f"/>
      </object_component>
      <object_component id="oc-1b6">
         <name>.debug_line</name>
         <load_address>0x2432</load_address>
         <run_address>0x2432</run_address>
         <size>0x37</size>
         <input_file_ref idref="fl-f"/>
      </object_component>
      <object_component id="oc-1b0">
         <name>.debug_line</name>
         <load_address>0x2469</load_address>
         <run_address>0x2469</run_address>
         <size>0x37</size>
         <input_file_ref idref="fl-f"/>
      </object_component>
      <object_component id="oc-1b4">
         <name>.debug_line</name>
         <load_address>0x24a0</load_address>
         <run_address>0x24a0</run_address>
         <size>0x37</size>
         <input_file_ref idref="fl-f"/>
      </object_component>
      <object_component id="oc-80">
         <name>.debug_line</name>
         <load_address>0x24d7</load_address>
         <run_address>0x24d7</run_address>
         <size>0xe86</size>
         <input_file_ref idref="fl-f"/>
      </object_component>
      <object_component id="oc-d7">
         <name>.debug_line</name>
         <load_address>0x335d</load_address>
         <run_address>0x335d</run_address>
         <size>0x3f</size>
         <input_file_ref idref="fl-f"/>
      </object_component>
      <object_component id="oc-19c">
         <name>.debug_line</name>
         <load_address>0x339c</load_address>
         <run_address>0x339c</run_address>
         <size>0x37</size>
         <input_file_ref idref="fl-f"/>
      </object_component>
      <object_component id="oc-100">
         <name>.debug_line</name>
         <load_address>0x33d3</load_address>
         <run_address>0x33d3</run_address>
         <size>0x8a</size>
         <input_file_ref idref="fl-10"/>
      </object_component>
      <object_component id="oc-da">
         <name>.debug_line</name>
         <load_address>0x345d</load_address>
         <run_address>0x345d</run_address>
         <size>0x4c</size>
         <input_file_ref idref="fl-10"/>
      </object_component>
      <object_component id="oc-fe">
         <name>.debug_line</name>
         <load_address>0x34a9</load_address>
         <run_address>0x34a9</run_address>
         <size>0x4c</size>
         <input_file_ref idref="fl-10"/>
      </object_component>
      <object_component id="oc-33">
         <name>.debug_line</name>
         <load_address>0x34f5</load_address>
         <run_address>0x34f5</run_address>
         <size>0x14e</size>
         <input_file_ref idref="fl-10"/>
      </object_component>
      <object_component id="oc-2e">
         <name>.debug_line</name>
         <load_address>0x3643</load_address>
         <run_address>0x3643</run_address>
         <size>0xe1</size>
         <input_file_ref idref="fl-11"/>
      </object_component>
      <object_component id="oc-23c">
         <name>.debug_line</name>
         <load_address>0x3724</load_address>
         <run_address>0x3724</run_address>
         <size>0x56</size>
         <input_file_ref idref="fl-12"/>
      </object_component>
      <object_component id="oc-23a">
         <name>.debug_line</name>
         <load_address>0x377a</load_address>
         <run_address>0x377a</run_address>
         <size>0x49</size>
         <input_file_ref idref="fl-12"/>
[...]
         <value>0x1d07</value>
         <object_component_ref idref="oc-136"/>
      </symbol>
      <symbol id="sm-307">
         <name>xQueueCreateCountingSemaphore</name>
         <value>0x1d4b</value>
         <object_component_ref idref="oc-136"/>
      </symbol>
      <symbol id="sm-308">
         <name>vQueueDelete</name>
         <value>0x24a1</value>
         <object_component_ref idref="oc-136"/>
      </symbol>
      <symbol id="sm-309">
         <name>xQueuePeek</name>
         <value>0x2245</value>
         <object_component_ref idref="oc-136"/>
      </symbol>
      <symbol id="sm-30a">
         <name>xQueueReceive</name>
         <value>0x1fc9</value>
         <object_component_ref idref="oc-136"/>
      </symbol>
      <symbol id="sm-30b">
         <name>pcQueueGetName</name>
         <value>0x2781</value>
         <object_component_ref idref="oc-136"/>
      </symbol>
      <symbol id="sm-30c">
         <name>ucQueueGetQueueType</name>
         <value>0x24d7</value>
         <object_component_ref idref="oc-136"/>
      </symbol>
      <symbol id="sm-4fa">
         <name>vTaskDelay</name>
         <value>0x5b3</value>
         <object_component_ref idref="oc-7c"/>
      </symbol>
      <symbol id="sm-4fb">
         <name>vTaskSuspendAll</name>
         <value>0xab5</value>
         <object_component_ref idref="oc-7c"/>
      </symbol>
      <symbol id="sm-4fc">
         <name>vTaskPlaceOnEventList</name>
         <value>0xec3</value>
         <object_component_ref idref="oc-7c"/>
      </symbol>
      <symbol id="sm-4fd">
         <name>vTaskSetTaskNumber</name>
         <value>0x10f5</value>
         <object_component_ref idref="oc-7c"/>
      </symbol>
      <symbol id="sm-4fe">
         <name>uxTaskPriorityGetFromISR</name>
         <value>0x6cd</value>
         <object_component_ref idref="oc-7c"/>
      </symbol>
      <symbol id="sm-4ff">
         <name>ulTaskNotifyTake</name>
         <value>0x1681</value>
         <object_component_ref idref="oc-7c"/>
      </symbol>
      <symbol id="sm-500">
         <name>pcTaskGetName</name>
         <value>0xbdb</value>
         <object_component_ref idref="oc-7c"/>
      </symbol>
      <symbol id="sm-501">
         <name>xTaskCheckForTimeOut</name>
         <value>0x1049</value>
         <object_component_ref idref="oc-7c"/>
      </symbol>
      <symbol id="sm-502">
         <name>vTaskRemoveFromUnorderedEventList</name>
         <value>0xf99</value>
         <object_component_ref idref="oc-7c"/>
      </symbol>
      <symbol id="sm-503">
         <name>vTaskPrioritySet</name>
         <value>0x715</value>
         <object_component_ref idref="oc-7c"/>
      </symbol>
      <symbol id="sm-504">
         <name>xTaskPriorityDisinherit</name>
         <value>0x14cd</value>
         <object_component_ref idref="oc-7c"/>
      </symbol>
      <symbol id="sm-505">
         <name>vTaskStartScheduler</name>
         <value>0xa49</value>
         <object_component_ref idref="oc-7c"/>
      </symbol>
      <symbol id="sm-506">
         <name>vTaskInternalSetTimeOutState</name>
         <value>0x101f</value>
         <object_component_ref idref="oc-7c"/>
      </symbol>
      <symbol id="sm-507">
         <name>xTaskNotifyStateClear</name>
         <value>0x1a45</value>
         <object_component_ref idref="oc-7c"/>
      </symbol>
      <symbol id="sm-508">
         <name>pvTaskIncrementMutexHeldCount</name>
         <value>0x1663</value>
         <object_component_ref idref="oc-7c"/>
      </symbol>
      <symbol id="sm-509">
         <name>uxTaskGetStackHighWaterMark</name>
         <value>0x1341</value>
         <object_component_ref idref="oc-7c"/>
      </symbol>
      <symbol id="sm-50a">
         <name>xTaskGenericNotify</name>
         <value>0x17a3</value>
         <object_component_ref idref="oc-7c"/>
      </symbol>
      <symbol id="sm-50b">
         <name>vTaskPriorityDisinheritAfterTimeout</name>
         <value>0x156b</value>
         <object_component_ref idref="oc-7c"/>
      </symbol>
      <symbol id="sm-50c">
         <name>xTaskCreate</name>
         <value>0x26d</value>
         <object_component_ref idref="oc-7c"/>
      </symbol>
      <symbol id="sm-50d">
         <name>vTaskDelayUntil</name>
         <value>0x523</value>
         <object_component_ref idref="oc-7c"/>
      </symbol>
      <symbol id="sm-50e">
         <name>uxTaskGetTaskNumber</name>
         <value>0x10d5</value>
         <object_component_ref idref="oc-7c"/>
      </symbol>
      <symbol id="sm-50f">
         <name>vTaskEndScheduler</name>
         <value>0xa99</value>
         <object_component_ref idref="oc-7c"/>
      </symbol>
      <symbol id="sm-510">
         <name>xTaskNotifyWait</name>
         <value>0x1701</value>
         <object_component_ref idref="oc-7c"/>
      </symbol>
      <symbol id="sm-511">
         <name>vTaskMissedYield</name>
         <value>0x10c7</value>
         <object_component_ref idref="oc-7c"/>
      </symbol>
      <symbol id="sm-512">
         <name>uxTaskGetNumberOfTasks</name>
         <value>0xbd5</value>
         <object_component_ref idref="oc-7c"/>
      </symbol>
      <symbol id="sm-513">
         <name>xTaskGenericNotifyFromISR</name>
         <value>0x188d</value>
         <object_component_ref idref="oc-7c"/>
      </symbol>
      <symbol id="sm-514">
         <name>vTaskGetInfo</name>
         <value>0x11b1</value>
         <object_component_ref idref="oc-7c"/>
      </symbol>
      <symbol id="sm-515">
         <name>uxTaskPriorityGet</name>
         <value>0x6a1</value>
         <object_component_ref idref="oc-7c"/>
      </symbol>
      <symbol id="sm-516">
         <name>xTaskResumeAll</name>
         <value>0xac9</value>
         <object_component_ref idref="oc-7c"/>
      </symbol>
      <symbol id="sm-517">
         <name>xTaskGetTickCount</name>
         <value>0xbab</value>
         <object_component_ref idref="oc-7c"/>
      </symbol>
      <symbol id="sm-518">
         <name>uxTaskGetSystemState</name>
         <value>0xc01</value>
         <object_component_ref idref="oc-7c"/>
      </symbol>
      <symbol id="sm-519">
         <name>vTaskDelete</name>
         <value>0x475</value>
         <object_component_ref idref="oc-7c"/>
      </symbol>
      <symbol id="sm-51a">
         <name>pxCurrentTCB</name>
         <value>0x20007938</value>
         <object_component_ref idref="oc-76"/>
      </symbol>
      <symbol id="sm-51b">
         <name>vTaskNotifyGiveFromISR</name>
         <value>0x1999</value>
         <object_component_ref idref="oc-7c"/>
      </symbol>
      <symbol id="sm-51c">
         <name>eTaskGetState</name>
         <value>0x5f1</value>
         <object_component_ref idref="oc-7c"/>
      </symbol>
      <symbol id="sm-51d">
         <name>vTaskSuspend</name>
         <value>0x82d</value>
         <object_component_ref idref="oc-7c"/>
      </symbol>
      <symbol id="sm-51e">
         <name>xTaskGetTickCountFromISR</name>
         <value>0xbc1</value>
         <object_component_ref idref="oc-7c"/>
      </symbol>
      <symbol id="sm-51f">
         <name>vTaskResume</name>
         <value>0x941</value>
         <object_component_ref idref="oc-7c"/>
      </symbol>
      <symbol id="sm-520">
         <name>vTaskSetTimeOutState</name>
         <value>0x1001</value>
         <object_component_ref idref="oc-7c"/>
      </symbol>
      <symbol id="sm-521">
         <name>xTaskIncrementTick</name>
         <value>0xcf5</value>
         <object_component_ref idref="oc-7c"/>
      </symbol>
      <symbol id="sm-522">
         <name>vTaskSwitchContext</name>
         <value>0xe21</value>
         <object_component_ref idref="oc-7c"/>
      </symbol>
      <symbol id="sm-523">
         <name>uxTaskResetEventItemValue</name>
         <value>0x1641</value>
         <object_component_ref idref="oc-7c"/>
      </symbol>
      <symbol id="sm-524">
         <name>xTaskResumeFromISR</name>
         <value>0x9bb</value>
         <object_component_ref idref="oc-7c"/>
      </symbol>
      <symbol id="sm-525">
         <name>xTaskGetCurrentTaskHandle</name>
         <value>0x13b9</value>
         <object_component_ref idref="oc-7c"/>
      </symbol>
      <symbol id="sm-526">
         <name>vTaskPlaceOnUnorderedEventList</name>
         <value>0xedf</value>
         <object_component_ref idref="oc-7c"/>
      </symbol>
      <symbol id="sm-527">
         <name>xTaskRemoveFromEventList</name>
         <value>0xf19</value>
         <object_component_ref idref="oc-7c"/>
      </symbol>
      <symbol id="sm-528">
         <name>xTaskPriorityInherit</name>
         <value>0x13ed</value>
         <object_component_ref idref="oc-7c"/>
      </symbol>
      <symbol id="sm-557">
         <name>ulMaxSyscallInterruptPriority</name>
         <value>0x46b0</value>
         <object_component_ref idref="oc-79"/>
      </symbol>
      <symbol id="sm-558">
         <name>vPortSetupTimerInterrupt</name>
         <value>0x362f</value>
         <object_component_ref idref="oc-2f"/>
      </symbol>
      <symbol id="sm-559">
         <name>vPortEndScheduler</name>
         <value>0x35d1</value>
         <object_component_ref idref="oc-2f"/>
      </symbol>
      <symbol id="sm-55a">
         <name>xPortSysTickHandler</name>
         <value>0x3609</value>
         <object_component_ref idref="oc-2f"/>
      </symbol>
      <symbol id="sm-55b">
         <name>pxPortInitialiseStack</name>
         <value>0x3531</value>
         <object_component_ref idref="oc-2f"/>
      </symbol>
      <symbol id="sm-55c">
         <name>vPortExitCritical</name>
         <value>0x35f3</value>
         <object_component_ref idref="oc-2f"/>
      </symbol>
      <symbol id="sm-55d">
         <name>xPortStartScheduler</name>
         <value>0x359b</value>
         <object_component_ref idref="oc-2f"/>
      </symbol>
      <symbol id="sm-55e">
         <name>vPortEnterCritical</name>
         <value>0x35d3</value>
         <object_component_ref idref="oc-2f"/>
      </symbol>
      <symbol id="sm-56d">
         <name>vPortStartFirstTask</name>
         <value>0x3d89</value>
         <object_component_ref idref="oc-2a"/>
      </symbol>
      <symbol id="sm-56e">
         <name>ulPortGetIPSR</name>
         <value>0x3cf1</value>
         <object_component_ref idref="oc-2a"/>
      </symbol>
      <symbol id="sm-56f">
         <name>vPortEnableVFP</name>
         <value>0x3dad</value>
         <object_component_ref idref="oc-2a"/>
      </symbol>
      <symbol id="sm-570">
         <name>xPortPendSVHandler</name>
         <value>0x3d09</value>
         <object_component_ref idref="oc-2a"/>
      </symbol>
      <symbol id="sm-571">
         <name>vPortSVCHandler</name>
         <value>0x3d69</value>
         <object_component_ref idref="oc-2a"/>
      </symbol>
      <symbol id="sm-597">
         <name>vPortInitialiseBlocks</name>
         <value>0x3f97</value>
         <object_component_ref idref="oc-db"/>
      </symbol>
      <symbol id="sm-598">
         <name>xPortGetFreeHeapSize</name>
         <value>0x3f9f</value>
         <object_component_ref idref="oc-db"/>
      </symbol>
      <symbol id="sm-599">
         <name>pvPortMalloc</name>
         <value>0x3f1d</value>
         <object_component_ref idref="oc-db"/>
      </symbol>
      <symbol id="sm-59a">
         <name>vPortFree</name>
         <value>0x3f8d</value>
         <object_component_ref idref="oc-db"/>
      </symbol>
      <symbol id="sm-5ab">
         <name>__aeabi_memset</name>
         <value>0x40e3</value>
         <object_component_ref idref="oc-b3"/>
      </symbol>
      <symbol id="sm-5ac">
         <name>memset</name>
         <value>0x40e9</value>
         <object_component_ref idref="oc-b3"/>
      </symbol>
      <symbol id="sm-5ad">
         <name>__aeabi_memset8</name>
         <value>0x40e3</value>
         <object_component_ref idref="oc-b3"/>
      </symbol>
      <symbol id="sm-5ae">
         <name>__aeabi_memset4</name>
         <value>0x40e3</value>
         <object_component_ref idref="oc-b3"/>
      </symbol>
      <symbol id="sm-5af">
         <name>__aeabi_memclr8</name>
         <value>0x40e1</value>
         <object_component_ref idref="oc-b3"/>
      </symbol>
      <symbol id="sm-5b0">
         <name>__aeabi_memclr4</name>
         <value>0x40e1</value>
         <object_component_ref idref="oc-b3"/>
      </symbol>
      <symbol id="sm-5b1">
         <name>__aeabi_memclr</name>
         <value>0x40e1</value>
         <object_component_ref idref="oc-b3"/>
      </symbol>
      <symbol id="sm-5bd">
         <name>__aeabi_dmul</name>
         <value>0x3b09</value>
         <object_component_ref idref="oc-1fd"/>
      </symbol>
      <symbol id="sm-5c7">
         <name>__aeabi_d2iz</name>
         <value>0x4265</value>
         <object_component_ref idref="oc-202"/>
      </symbol>
      <symbol id="sm-5e2">
         <name>memcpy</name>
         <value>0x3fb9</value>
         <object_component_ref idref="oc-43"/>
      </symbol>
      <symbol id="sm-5e3">
         <name>__aeabi_memcpy</name>
         <value>0x3fb9</value>
         <object_component_ref idref="oc-43"/>
      </symbol>
      <symbol id="sm-5e4">
         <name>__aeabi_memcpy8</name>
         <value>0x3fb9</value>
         <object_component_ref idref="oc-43"/>
      </symbol>
      <symbol id="sm-5e5">
         <name>__aeabi_memcpy4</name>
         <value>0x3fb9</value>
         <object_component_ref idref="oc-43"/>
      </symbol>
      <symbol id="sm-5ef">
         <name>__aeabi_ui2d</name>
         <value>0x4499</value>
         <object_component_ref idref="oc-1f8"/>
      </symbol>
      <symbol id="sm-606">
         <name>__TI_zero_init</name>
         <value>0x4565</value>
         <object_component_ref idref="oc-55"/>
      </symbol>
      <symbol id="sm-61d">
         <name>__TI_decompress_none</name>
         <value>0x4557</value>
         <object_component_ref idref="oc-18"/>
      </symbol>
      <symbol id="sm-640">
         <name>__TI_decompress_lzss</name>
         <value>0x415b</value>
         <object_component_ref idref="oc-12"/>
      </symbol>
      <symbol id="sm-653">
         <name>__stack</name>
         <value>0x20007738</value>
         <object_component_ref idref="oc-21"/>
      </symbol>
      <symbol id="sm-654">
         <name>_c_int00_noargs</name>
         <value>0x43ad</value>
         <object_component_ref idref="oc-61"/>
      </symbol>
      <symbol id="sm-65f">
         <name>C$$EXIT</name>
         <value>0x45b1</value>
         <object_component_ref idref="oc-14f"/>
      </symbol>
      <symbol id="sm-660">
         <name>abort</name>
         <value>0x45b1</value>
         <object_component_ref idref="oc-14f"/>
      </symbol>
      <symbol id="sm-675">
         <name>_nop</name>
         <value>0x379f</value>
         <object_component_ref idref="oc-2e5"/>
      </symbol>
      <symbol id="sm-676">
         <name>_lock</name>
         <value>0x2000796c</value>
         <object_component_ref idref="oc-21a"/>
      </symbol>
      <symbol id="sm-677">
         <name>_unlock</name>
         <value>0x20007970</value>
         <object_component_ref idref="oc-21a"/>
      </symbol>
      <symbol id="sm-68e">
         <name>rand</name>
         <value>0x4419</value>
         <object_component_ref idref="oc-2dc"/>
      </symbol>
      <symbol id="sm-6b7">
         <name>__TI_auto_init_nobinit_nopinit</name>
         <value>0x42f5</value>
         <object_component_ref idref="oc-15b"/>
      </symbol>
      <symbol id="sm-6c1">
         <name>_system_pre_init</name>
         <value>0x45ad</value>
         <object_component_ref idref="oc-b9"/>
      </symbol>
      <symbol id="sm-721">
         <name>GPIOPinConfigure</name>
         <value>0x421d</value>
         <object_component_ref idref="oc-282"/>
      </symbol>
      <symbol id="sm-722">
         <name>GPIOPinTypeGPIOInput</name>
         <value>0x44e5</value>
         <object_component_ref idref="oc-259"/>
      </symbol>
      <symbol id="sm-723">
         <name>GPIOPinTypeUART</name>
         <value>0x4509</value>
         <object_component_ref idref="oc-288"/>
      </symbol>
      <symbol id="sm-724">
         <name>GPIOPinTypeGPIOOutput</name>
         <value>0x44b9</value>
         <object_component_ref idref="oc-26c"/>
      </symbol>
      <symbol id="sm-725">
         <name>GPIOPinRead</name>
         <value>0x45a1</value>
         <object_component_ref idref="oc-265"/>
      </symbol>
      <symbol id="sm-726">
         <name>GPIODirModeSet</name>
         <value>0x444d</value>
         <object_component_ref idref="oc-309"/>
      </symbol>
      <symbol id="sm-727">
         <name>GPIOPinWrite</name>
         <value>0x45a7</value>
         <object_component_ref idref="oc-272"/>
      </symbol>
      <symbol id="sm-728">
         <name>GPIOPadConfigSet</name>
         <value>0x366d</value>
         <object_component_ref idref="oc-25f"/>
      </symbol>
      <symbol id="sm-729">
         <name>GPIOPinTypeSSI</name>
         <value>0x44f7</value>
         <object_component_ref idref="oc-2b3"/>
      </symbol>
      <symbol id="sm-75a">
         <name>SSIDataPut</name>
         <value>0x457d</value>
         <object_component_ref idref="oc-2bf"/>
      </symbol>
      <symbol id="sm-75b">
         <name>SSIDataGetNonBlocking</name>
         <value>0x451b</value>
         <object_component_ref idref="oc-2cb"/>
      </symbol>
      <symbol id="sm-75c">
         <name>SSIConfigSetExpClk</name>
         <value>0x4339</value>
         <object_component_ref idref="oc-2ad"/>
      </symbol>
      <symbol id="sm-75d">
         <name>SSIEnable</name>
         <value>0x4587</value>
         <object_component_ref idref="oc-2b9"/>
      </symbol>
      <symbol id="sm-75e">
         <name>SSIBusy</name>
         <value>0x4591</value>
         <object_component_ref idref="oc-2c5"/>
      </symbol>
      <symbol id="sm-7a3">
         <name>SysCtlPeripheralEnable</name>
         <value>0x43e5</value>
         <object_component_ref idref="oc-24d"/>
      </symbol>
      <symbol id="sm-7a4">
         <name>SysCtlClockGet</name>
         <value>0x39f9</value>
         <object_component_ref idref="oc-28e"/>
      </symbol>
      <symbol id="sm-7a5">
         <name>SysCtlPeripheralReady</name>
         <value>0x4375</value>
         <object_component_ref idref="oc-253"/>
      </symbol>
      <symbol id="sm-7e6">
         <name>UARTCharPutNonBlocking</name>
         <value>0x453b</value>
         <object_component_ref idref="oc-29a"/>
      </symbol>
      <symbol id="sm-7e7">
         <name>UARTConfigSetExpClk</name>
         <value>0x42ad</value>
         <object_component_ref idref="oc-294"/>
      </symbol>
      <symbol id="sm-7e8">
         <name>UARTDisable</name>
         <value>0x4479</value>
         <object_component_ref idref="oc-320"/>
      </symbol>
      <symbol id="sm-7e9">
         <name>UARTBusy</name>
         <value>0x4599</value>
         <object_component_ref idref="oc-2a0"/>
      </symbol>
      <symbol id="sm-7ea">
         <name>UARTCharsAvail</name>
         <value>0x4549</value>
         <object_component_ref idref="oc-207"/>
      </symbol>
      <symbol id="sm-7eb">
         <name>UARTCharGetNonBlocking</name>
         <value>0x452d</value>
         <object_component_ref idref="oc-2a6"/>
      </symbol>
      <symbol id="sm-7ec">
         <name>UARTEnable</name>
         <value>0x44d1</value>
         <object_component_ref idref="oc-326"/>
      </symbol>
      <symbol id="sm-7ee">
         <name>__TI_static_base__</name>
         <value>0x0</value>
      </symbol>
      <symbol id="sm-7f1">
         <name>__mpu_init</name>
         <value>0x0</value>
      </symbol>
      <symbol id="sm-7f2">
         <name>_system_post_cinit</name>
         <value>0x0</value>
      </symbol>
   </symbol_table>
   <title>Link successful</title>
</link_info>
