<?xml version="1.0" encoding="ISO-8859-1" ?>
<link_info>
   <banner>TI ARM Linker PC v18.1.1.LTS</banner>
   <copyright>Copyright (c) 1996-2017 Texas Instruments Incorporated</copyright>
   <link_time>0x5c93aa67</link_time>
   <link_errors>0x0</link_errors>
   <output_file>spi.out</output_file>
   <entry_point>
      <name>_c_int00_noargs</name>
      <address>0x3a05</address>
   </entry_point>
   <input_file_list>
      <input_file id="fl-2">
         <path>.\</path>
         <kind>object</kind>
         <file>LCD .obj</file>
         <name>LCD .obj</name>
      </input_file>
      <input_file id="fl-3">
         <path>.\</path>
         <kind>object</kind>
         <file>LEDs.obj</file>
         <name>LEDs.obj</name>
      </input_file>
      <input_file id="fl-4">
         <path>.\</path>
         <kind>object</kind>
         <file>SPI_TASK.obj</file>
         <name>SPI_TASK.obj</name>
      </input_file>
      <input_file id="fl-5">
         <path>.\</path>
         <kind>object</kind>
         <file>croutine.obj</file>
         <name>croutine.obj</name>
      </input_file>
      <input_file id="fl-6">
         <path>.\</path>
         <kind>object</kind>
         <file>event_groups.obj</file>
         <name>event_groups.obj</name>
      </input_file>
      <input_file id="fl-7">
         <path>.\</path>
         <kind>object</kind>
         <file>heap_1.obj</file>
         <name>heap_1.obj</name>
      </input_file>
      <input_file id="fl-8">
         <path>.\</path>
         <kind>object</kind>
         <file>list.obj</file>
         <name>list.obj</name>
      </input_file>
      <input_file id="fl-9">
         <path>.\</path>
         <kind>object</kind>
         <file>main.obj</file>
         <name>main.obj</name>
      </input_file>
      <input_file id="fl-a">
         <path>.\</path>
         <kind>object</kind>
         <file>port.obj</file>
         <name>port.obj</name>
      </input_file>
      <input_file id="fl-b">
         <path>.\</path>
         <kind>object</kind>
         <file>portasm.obj</file>
         <name>portasm.obj</name>
      </input_file>
      <input_file id="fl-c">
         <path>.\</path>
         <kind>object</kind>
         <file>queue.obj</file>
         <name>queue.obj</name>
      </input_file>
      <input_file id="fl-d">
         <path>.\</path>
         <kind>object</kind>
         <file>spi.obj</file>
         <name>spi.obj</name>
      </input_file>
      <input_file id="fl-e">
         <path>.\</path>
         <kind>object</kind>
         <file>stream_buffer.obj</file>
         <name>stream_buffer.obj</name>
      </input_file>
      <input_file id="fl-f">
         <path>.\</path>
         <kind>object</kind>
         <file>tasks.obj</file>
         <name>tasks.obj</name>
      </input_file>
      <input_file id="fl-10">
         <path>.\</path>
         <kind>object</kind>
         <file>timers.obj</file>
         <name>timers.obj</name>
      </input_file>
      <input_file id="fl-11">
         <path>.\</path>
         <kind>object</kind>
         <file>tm4c123gh6pm_startup_ccs.obj</file>
         <name>tm4c123gh6pm_startup_ccs.obj</name>
      </input_file>
      <input_file id="fl-16">
         <kind>object</kind>
         <file>&lt;internal&gt;</file>
         <name>&lt;internal&gt;</name>
      </input_file>
      <input_file id="fl-cc">
         <path>C:\ti\ccsv8\tools\compiler\ti-cgt-arm_18.1.1.LTS\lib\</path>
         <kind>archive</kind>
         <file>rtsv7M4_T_le_v4SPD16_eabi.lib</file>
         <name>memcpy_t2.asm.obj</name>
      </input_file>
      <input_file id="fl-cd">
         <path>C:\ti\ccsv8\tools\compiler\ti-cgt-arm_18.1.1.LTS\lib\</path>
         <kind>archive</kind>
         <file>rtsv7M4_T_le_v4SPD16_eabi.lib</file>
         <name>memset_t2.asm.obj</name>
      </input_file>
      <input_file id="fl-ce">
         <path>C:\ti\ccsv8\tools\compiler\ti-cgt-arm_18.1.1.LTS\lib\</path>
         <kind>archive</kind>
         <file>rtsv7M4_T_le_v4SPD16_eabi.lib</file>
         <name>copy_zero_init.c.obj</name>
      </input_file>
      <input_file id="fl-cf">
         <path>C:\ti\ccsv8\tools\compiler\ti-cgt-arm_18.1.1.LTS\lib\</path>
         <kind>archive</kind>
         <file>rtsv7M4_T_le_v4SPD16_eabi.lib</file>
         <name>copy_decompress_none.c.obj</name>
      </input_file>
      <input_file id="fl-d0">
         <path>C:\ti\ccsv8\tools\compiler\ti-cgt-arm_18.1.1.LTS\lib\</path>
         <kind>archive</kind>
         <file>rtsv7M4_T_le_v4SPD16_eabi.lib</file>
         <name>copy_decompress_lzss.c.obj</name>
      </input_file>
      <input_file id="fl-d1">
         <path>C:\ti\ccsv8\tools\compiler\ti-cgt-arm_18.1.1.LTS\lib\</path>
         <kind>archive</kind>
         <file>rtsv7M4_T_le_v4SPD16_eabi.lib</file>
         <name>boot_cortex_m.c.obj</name>
      </input_file>
      <input_file id="fl-d2">
         <path>C:\ti\ccsv8\tools\compiler\ti-cgt-arm_18.1.1.LTS\lib\</path>
         <kind>archive</kind>
         <file>rtsv7M4_T_le_v4SPD16_eabi.lib</file>
         <name>exit.c.obj</name>
      </input_file>
      <input_file id="fl-d3">
         <path>C:\ti\ccsv8\tools\compiler\ti-cgt-arm_18.1.1.LTS\lib\</path>
         <kind>archive</kind>
         <file>rtsv7M4_T_le_v4SPD16_eabi.lib</file>
         <name>_lock.c.obj</name>
      </input_file>
      <input_file id="fl-d4">
         <path>C:\ti\ccsv8\tools\compiler\ti-cgt-arm_18.1.1.LTS\lib\</path>
         <kind>archive</kind>
         <file>rtsv7M4_T_le_v4SPD16_eabi.lib</file>
         <name>args_main.c.obj</name>
      </input_file>
      <input_file id="fl-d5">
         <path>C:\ti\ccsv8\tools\compiler\ti-cgt-arm_18.1.1.LTS\lib\</path>
         <kind>archive</kind>
         <file>rtsv7M4_T_le_v4SPD16_eabi.lib</file>
         <name>rand.c.obj</name>
      </input_file>
      <input_file id="fl-d6">
         <path>C:\ti\ccsv8\tools\compiler\ti-cgt-arm_18.1.1.LTS\lib\</path>
         <kind>archive</kind>
         <file>rtsv7M4_T_le_v4SPD16_eabi.lib</file>
         <name>autoinit.c.obj</name>
      </input_file>
      <input_file id="fl-d7">
         <path>C:\ti\ccsv8\tools\compiler\ti-cgt-arm_18.1.1.LTS\lib\</path>
         <kind>archive</kind>
         <file>rtsv7M4_T_le_v4SPD16_eabi.lib</file>
         <name>pre_init.c.obj</name>
      </input_file>
      <input_file id="fl-d8">
         <path>C:\ti\ccsv8\tools\compiler\ti-cgt-arm_18.1.1.LTS\lib\</path>
         <kind>archive</kind>
         <file>rtsv7M4_T_le_v4SPD16_eabi.lib</file>
         <name>cpy_tbl.c.obj</name>
      </input_file>
      <input_file id="fl-d9">
         <path>C:\ti\TivaWare_C_Series-2.1.4.178\driverlib\ccs\Debug\</path>
         <kind>archive</kind>
         <file>driverlib.lib</file>
         <name>gpio.obj</name>
      </input_file>
      <input_file id="fl-da">
         <path>C:\ti\TivaWare_C_Series-2.1.4.178\driverlib\ccs\Debug\</path>
         <kind>archive</kind>
         <file>driverlib.lib</file>
         <name>interrupt.obj</name>
      </input_file>
      <input_file id="fl-db">
         <path>C:\ti\TivaWare_C_Series-2.1.4.178\driverlib\ccs\Debug\</path>
         <kind>archive</kind>
         <file>driverlib.lib</file>
         <name>ssi.obj</name>
      </input_file>
      <input_file id="fl-dc">
         <path>C:\ti\TivaWare_C_Series-2.1.4.178\driverlib\ccs\Debug\</path>
         <kind>archive</kind>
         <file>driverlib.lib</file>
         <name>sysctl.obj</name>
      </input_file>
      <input_file id="fl-dd">
         <path>C:\ti\TivaWare_C_Series-2.1.4.178\driverlib\ccs\Debug\</path>
         <kind>archive</kind>
         <file>driverlib.lib</file>
         <name>cpu.obj</name>
      </input_file>
   </input_file_list>
   <object_component_list>
      <object_component id="oc-f">
         <name>.intvecs</name>
         <load_address>0x0</load_address>
         <run_address>0x0</run_address>
         <size>0x26c</size>
         <input_file_ref idref="fl-11"/>
      </object_component>
      <object_component id="oc-7c">
         <name>.text</name>
         <load_address>0x26c</load_address>
         <run_address>0x26c</run_address>
         <size>0x180c</size>
         <input_file_ref idref="fl-f"/>
      </object_component>
      <object_component id="oc-1be">
         <name>.text</name>
         <load_address>0x1a78</load_address>
         <run_address>0x1a78</run_address>
         <size>0xc68</size>
         <input_file_ref idref="fl-c"/>
      </object_component>
      <object_component id="oc-1d6">
         <name>.text</name>
         <load_address>0x26e0</load_address>
         <run_address>0x26e0</run_address>
         <size>0x408</size>
         <input_file_ref idref="fl-2"/>
      </object_component>
      <object_component id="oc-130">
         <name>.text</name>
         <load_address>0x2ae8</load_address>
         <run_address>0x2ae8</run_address>
         <size>0x3c8</size>
         <input_file_ref idref="fl-6"/>
      </object_component>
      <object_component id="oc-2f">
         <name>.text</name>
         <load_address>0x2eb0</load_address>
         <run_address>0x2eb0</run_address>
         <size>0x13c</size>
         <input_file_ref idref="fl-a"/>
      </object_component>
      <object_component id="oc-2b9">
         <name>.text:GPIOPadConfigSet</name>
         <load_address>0x2fec</load_address>
         <run_address>0x2fec</run_address>
         <size>0x132</size>
         <input_file_ref idref="fl-d9"/>
      </object_component>
      <object_component id="oc-281">
         <name>.text:_nop</name>
         <load_address>0x311e</load_address>
         <run_address>0x311e</run_address>
         <size>0x2</size>
         <input_file_ref idref="fl-d3"/>
      </object_component>
      <object_component id="oc-1ca">
         <name>.text</name>
         <load_address>0x3120</load_address>
         <run_address>0x3120</run_address>
         <size>0x12c</size>
         <input_file_ref idref="fl-d"/>
      </object_component>
      <object_component id="oc-e1">
         <name>.text</name>
         <load_address>0x324c</load_address>
         <run_address>0x324c</run_address>
         <size>0x12a</size>
         <input_file_ref idref="fl-8"/>
      </object_component>
      <object_component id="oc-240">
         <name>.text:SysCtlClockGet</name>
         <load_address>0x3378</load_address>
         <run_address>0x3378</run_address>
         <size>0x110</size>
         <input_file_ref idref="fl-dc"/>
      </object_component>
      <object_component id="oc-2a">
         <name>.text</name>
         <load_address>0x3488</load_address>
         <run_address>0x3488</run_address>
         <size>0xda</size>
         <input_file_ref idref="fl-b"/>
      </object_component>
      <object_component id="oc-136">
         <name>.text</name>
         <load_address>0x3564</load_address>
         <run_address>0x3564</run_address>
         <size>0xb4</size>
         <input_file_ref idref="fl-4"/>
      </object_component>
      <object_component id="oc-db">
         <name>.text</name>
         <load_address>0x3618</load_address>
         <run_address>0x3618</run_address>
         <size>0x9c</size>
         <input_file_ref idref="fl-7"/>
      </object_component>
      <object_component id="oc-43">
         <name>.text</name>
         <load_address>0x36b4</load_address>
         <run_address>0x36b4</run_address>
         <size>0x9c</size>
         <input_file_ref idref="fl-cc"/>
      </object_component>
      <object_component id="oc-b3">
         <name>.text</name>
         <load_address>0x3750</load_address>
         <run_address>0x3750</run_address>
         <size>0x7a</size>
         <input_file_ref idref="fl-cd"/>
      </object_component>
      <object_component id="oc-bf">
         <name>.text</name>
         <load_address>0x37cc</load_address>
         <run_address>0x37cc</run_address>
         <size>0x6c</size>
         <input_file_ref idref="fl-9"/>
      </object_component>
      <object_component id="oc-12">
         <name>.text:decompress:lzss:__TI_decompress_lzss</name>
         <load_address>0x3838</load_address>
         <run_address>0x3838</run_address>
         <size>0x68</size>
         <input_file_ref idref="fl-d0"/>
      </object_component>
      <object_component id="oc-1d0">
         <name>.text</name>
         <load_address>0x38a0</load_address>
         <run_address>0x38a0</run_address>
         <size>0x64</size>
         <input_file_ref idref="fl-3"/>
      </object_component>
      <object_component id="oc-252">
         <name>.text:GPIOPinConfigure</name>
         <load_address>0x3904</load_address>
         <run_address>0x3904</run_address>
         <size>0x48</size>
         <input_file_ref idref="fl-d9"/>
      </object_component>
      <object_component id="oc-14e">
         <name>.text:__TI_auto_init_nobinit_nopinit:__TI_auto_init_nobinit_nopinit</name>
         <load_address>0x394c</load_address>
         <run_address>0x394c</run_address>
         <size>0x44</size>
         <input_file_ref idref="fl-d6"/>
      </object_component>
      <object_component id="oc-246">
         <name>.text:SSIConfigSetExpClk</name>
         <load_address>0x3990</load_address>
         <run_address>0x3990</run_address>
         <size>0x3c</size>
         <input_file_ref idref="fl-db"/>
      </object_component>
      <object_component id="oc-23a">
         <name>.text:SysCtlPeripheralReady</name>
         <load_address>0x39cc</load_address>
         <run_address>0x39cc</run_address>
         <size>0x38</size>
         <input_file_ref idref="fl-dc"/>
      </object_component>
      <object_component id="oc-61">
         <name>.text:_c_int00_noargs:_c_int00_noargs</name>
         <load_address>0x3a04</load_address>
         <run_address>0x3a04</run_address>
         <size>0x38</size>
         <input_file_ref idref="fl-d1"/>
      </object_component>
      <object_component id="oc-234">
         <name>.text:SysCtlPeripheralEnable</name>
         <load_address>0x3a3c</load_address>
         <run_address>0x3a3c</run_address>
         <size>0x34</size>
         <input_file_ref idref="fl-dc"/>
      </object_component>
      <object_component id="oc-278">
         <name>.text:rand</name>
         <load_address>0x3a70</load_address>
         <run_address>0x3a70</run_address>
         <size>0x34</size>
         <input_file_ref idref="fl-d5"/>
      </object_component>
      <object_component id="oc-2b3">
         <name>.text:GPIODirModeSet</name>
         <load_address>0x3aa4</load_address>
         <run_address>0x3aa4</run_address>
         <size>0x2a</size>
         <input_file_ref idref="fl-d9"/>
      </object_component>
      <object_component id="oc-26b">
         <name>.text:GPIOPinTypeGPIOOutput</name>
         <load_address>0x3ace</load_address>
         <run_address>0x3ace</run_address>
         <size>0x18</size>
         <input_file_ref idref="fl-d9"/>
      </object_component>
      <object_component id="oc-24c">
         <name>.text:GPIOPinTypeSSI</name>
         <load_address>0x3ae6</load_address>
         <run_address>0x3ae6</run_address>
         <size>0x12</size>
         <input_file_ref idref="fl-d9"/>
      </object_component>
      <object_component id="oc-1b8">
         <name>.text:SSIDataGetNonBlocking</name>
         <load_address>0x3af8</load_address>
         <run_address>0x3af8</run_address>
         <size>0x12</size>
         <input_file_ref idref="fl-db"/>
      </object_component>
      <object_component id="oc-18">
         <name>.text:decompress:none:__TI_decompress_none</name>
         <load_address>0x3b0a</load_address>
         <run_address>0x3b0a</run_address>
         <size>0xe</size>
         <input_file_ref idref="fl-cf"/>
      </object_component>
      <object_component id="oc-55">
         <name>.text:decompress:ZI:__TI_zero_init</name>
         <load_address>0x3b18</load_address>
         <run_address>0x3b18</run_address>
         <size>0xc</size>
         <input_file_ref idref="fl-ce"/>
      </object_component>
      <object_component id="oc-24">
         <name>.text</name>
         <load_address>0x3b24</load_address>
         <run_address>0x3b24</run_address>
         <size>0xc</size>
         <input_file_ref idref="fl-11"/>
      </object_component>
      <object_component id="oc-25e">
         <name>.text:SSIDataPut</name>
         <load_address>0x3b30</load_address>
         <run_address>0x3b30</run_address>
         <size>0xa</size>
         <input_file_ref idref="fl-db"/>
      </object_component>
      <object_component id="oc-258">
         <name>.text:SSIEnable</name>
         <load_address>0x3b3a</load_address>
         <run_address>0x3b3a</run_address>
         <size>0xa</size>
         <input_file_ref idref="fl-db"/>
      </object_component>
      <object_component id="oc-264">
         <name>.text:SSIBusy</name>
         <load_address>0x3b44</load_address>
         <run_address>0x3b44</run_address>
         <size>0x8</size>
         <input_file_ref idref="fl-db"/>
      </object_component>
      <object_component id="oc-271">
         <name>.text:GPIOPinRead</name>
         <load_address>0x3b4c</load_address>
         <run_address>0x3b4c</run_address>
         <size>0x6</size>
         <input_file_ref idref="fl-d9"/>
      </object_component>
      <object_component id="oc-1c4">
         <name>.text:GPIOPinWrite</name>
         <load_address>0x3b52</load_address>
         <run_address>0x3b52</run_address>
         <size>0x6</size>
         <input_file_ref idref="fl-d9"/>
      </object_component>
      <object_component id="oc-b9">
         <name>.text:_system_pre_init</name>
         <load_address>0x3b58</load_address>
         <run_address>0x3b58</run_address>
         <size>0x4</size>
         <input_file_ref idref="fl-d7"/>
      </object_component>
      <object_component id="oc-142">
         <name>.text:abort:abort</name>
         <load_address>0x3b5c</load_address>
         <run_address>0x3b5c</run_address>
         <size>0x4</size>
         <input_file_ref idref="fl-d2"/>
      </object_component>
      <object_component id="oc-2c0">
         <name>.const:g_pui32GPIOBaseAddrs</name>
         <load_address>0x3b60</load_address>
         <run_address>0x3b60</run_address>
         <size>0x90</size>
         <input_file_ref idref="fl-d9"/>
      </object_component>
      <object_component id="oc-2ae">
         <name>.const:g_pui32Xtals</name>
         <load_address>0x3bf0</load_address>
         <run_address>0x3bf0</run_address>
         <size>0x6c</size>
         <input_file_ref idref="fl-dc"/>
      </object_component>
      <object_component id="oc-79">
         <name>.const</name>
         <load_address>0x3c5c</load_address>
         <run_address>0x3c5c</run_address>
         <size>0x4</size>
         <input_file_ref idref="fl-a"/>
      </object_component>
      <object_component id="oc-314">
         <name>.cinit..data.load</name>
         <load_address>0x3c60</load_address>
         <run_address>0x3c60</run_address>
         <size>0x15</size>
      </object_component>
      <object_component id="oc-312">
         <name>__TI_handler_table</name>
         <load_address>0x3c78</load_address>
         <run_address>0x3c78</run_address>
         <size>0xc</size>
      </object_component>
      <object_component id="oc-315">
         <name>.cinit..bss.load</name>
         <load_address>0x3c88</load_address>
         <run_address>0x3c88</run_address>
         <size>0x8</size>
      </object_component>
      <object_component id="oc-313">
         <name>__TI_cinit_table</name>
         <load_address>0x3c90</load_address>
         <run_address>0x3c90</run_address>
         <size>0x10</size>
      </object_component>
      <object_component id="oc-196">
         <name>.data</name>
         <load_address>0x20007974</load_address>
         <run_address>0x20007974</run_address>
         <size>0x8</size>
         <input_file_ref idref="fl-7"/>
      </object_component>
      <object_component id="oc-83">
         <name>.data</name>
         <load_address>0x2000797c</load_address>
         <run_address>0x2000797c</run_address>
         <size>0x4</size>
         <input_file_ref idref="fl-a"/>
      </object_component>
      <object_component id="oc-76">
         <name>.data</name>
         <load_address>0x20007938</load_address>
         <run_address>0x20007938</run_address>
         <size>0x34</size>
         <input_file_ref idref="fl-f"/>
      </object_component>
      <object_component id="oc-1f0">
         <name>.data:$O1$$</name>
         <load_address>0x2000796c</load_address>
         <run_address>0x2000796c</run_address>
         <size>0x8</size>
         <input_file_ref idref="fl-d3"/>
      </object_component>
      <object_component id="oc-2c9">
         <name>.data</name>
         <load_address>0x20007980</load_address>
         <run_address>0x20007980</run_address>
         <size>0x4</size>
         <input_file_ref idref="fl-d5"/>
      </object_component>
      <object_component id="oc-199">
         <name>.bss:ucHeap</name>
         <uninitialized>true</uninitialized>
         <run_address>0x20000000</run_address>
         <size>0x7530</size>
         <input_file_ref idref="fl-7"/>
      </object_component>
      <object_component id="oc-e7">
         <name>.bss:pxReadyTasksLists</name>
         <uninitialized>true</uninitialized>
         <run_address>0x20007530</run_address>
         <size>0x140</size>
         <input_file_ref idref="fl-f"/>
      </object_component>
      <object_component id="oc-f6">
         <name>.bss:xDelayedTaskList1</name>
         <uninitialized>true</uninitialized>
         <run_address>0x200076c0</run_address>
         <size>0x14</size>
         <input_file_ref idref="fl-f"/>
      </object_component>
      <object_component id="oc-f9">
         <name>.bss:xDelayedTaskList2</name>
         <uninitialized>true</uninitialized>
         <run_address>0x200076d4</run_address>
         <size>0x14</size>
         <input_file_ref idref="fl-f"/>
      </object_component>
      <object_component id="oc-ed">
         <name>.bss</name>
         <uninitialized>true</uninitialized>
         <run_address>0x20007724</run_address>
         <size>0x8</size>
         <input_file_ref idref="fl-f"/>
      </object_component>
      <object_component id="oc-f3">
         <name>.bss:xPendingReadyList</name>
         <uninitialized>true</uninitialized>
         <run_address>0x200076e8</run_address>
         <size>0x14</size>
         <input_file_ref idref="fl-f"/>
      </object_component>
      <object_component id="oc-ea">
         <name>.bss:xTasksWaitingTermination</name>
         <uninitialized>true</uninitialized>
         <run_address>0x20007710</run_address>
         <size>0x14</size>
         <input_file_ref idref="fl-f"/>
      </object_component>
      <object_component id="oc-f0">
         <name>.bss:xSuspendedTaskList</name>
         <uninitialized>true</uninitialized>
         <run_address>0x200076fc</run_address>
         <size>0x14</size>
         <input_file_ref idref="fl-f"/>
      </object_component>
      <object_component id="oc-1dc">
         <name>.common:xQueuespi</name>
         <uninitialized>true</uninitialized>
         <run_address>0x20007730</run_address>
         <size>0x4</size>
      </object_component>
      <object_component id="oc-13c">
         <name>.common:xCreatedEventGroup_spi</name>
         <uninitialized>true</uninitialized>
         <run_address>0x2000772c</run_address>
         <size>0x4</size>
      </object_component>
      <object_component id="oc-229">
         <name>.common:xQueueRegistry</name>
         <uninitialized>true</uninitialized>
         <run_address>0x20007670</run_address>
         <size>0x50</size>
      </object_component>
      <object_component id="oc-21">
         <name>.stack</name>
         <uninitialized>true</uninitialized>
         <run_address>0x20007738</run_address>
         <size>0x4</size>
         <input_file_ref idref="fl-d1"/>
      </object_component>
      <object_component id="oc-316">
         <name>.stack</name>
         <uninitialized>true</uninitialized>
         <run_address>0x20007738</run_address>
         <size>0x0</size>
      </object_component>
      <object_component id="oc-115">
         <name>.debug_info</name>
         <load_address>0x0</load_address>
         <run_address>0x0</run_address>
         <size>0x4bf</size>
         <input_file_ref idref="fl-2"/>
      </object_component>
      <object_component id="oc-1d7">
         <name>.debug_info</name>
         <load_address>0x4bf</load_address>
         <run_address>0x4bf</run_address>
         <size>0xa72</size>
         <input_file_ref idref="fl-2"/>
      </object_component>
      <object_component id="oc-106">
         <name>.debug_info</name>
         <load_address>0xf31</load_address>
         <run_address>0xf31</run_address>
         <size>0x315</size>
         <input_file_ref idref="fl-2"/>
      </object_component>
      <object_component id="oc-94">
         <name>.debug_info</name>
         <load_address>0x1246</load_address>
         <run_address>0x1246</run_address>
         <size>0x26b</size>
         <input_file_ref idref="fl-2"/>
      </object_component>
      <object_component id="oc-187">
         <name>.debug_info</name>
         <load_address>0x14b1</load_address>
         <run_address>0x14b1</run_address>
         <size>0x110</size>
         <input_file_ref idref="fl-2"/>
      </object_component>
      <object_component id="oc-191">
         <name>.debug_info</name>
         <load_address>0x15c1</load_address>
         <run_address>0x15c1</run_address>
         <size>0x461</size>
         <input_file_ref idref="fl-2"/>
      </object_component>
      <object_component id="oc-116">
         <name>.debug_info</name>
         <load_address>0x1a22</load_address>
         <run_address>0x1a22</run_address>
         <size>0x8b</size>
         <input_file_ref idref="fl-2"/>
      </object_component>
      <object_component id="oc-88">
         <name>.debug_info</name>
         <load_address>0x1aad</load_address>
         <run_address>0x1aad</run_address>
         <size>0x2c</size>
         <input_file_ref idref="fl-2"/>
      </object_component>
      <object_component id="oc-11b">
         <name>.debug_info</name>
         <load_address>0x1ad9</load_address>
         <run_address>0x1ad9</run_address>
         <size>0x297</size>
         <input_file_ref idref="fl-2"/>
      </object_component>
      <object_component id="oc-99">
         <name>.debug_info</name>
         <load_address>0x1d70</load_address>
         <run_address>0x1d70</run_address>
         <size>0xbb</size>
         <input_file_ref idref="fl-2"/>
      </object_component>
      <object_component id="oc-8d">
         <name>.debug_info</name>
         <load_address>0x1e2b</load_address>
         <run_address>0x1e2b</run_address>
         <size>0x53</size>
         <input_file_ref idref="fl-2"/>
      </object_component>
      <object_component id="oc-10b">
         <name>.debug_info</name>
         <load_address>0x1e7e</load_address>
         <run_address>0x1e7e</run_address>
         <size>0x14c</size>
         <input_file_ref idref="fl-2"/>
      </object_component>
      <object_component id="oc-1d1">
         <name>.debug_info</name>
         <load_address>0x1fca</load_address>
         <run_address>0x1fca</run_address>
         <size>0x224</size>
         <input_file_ref idref="fl-3"/>
      </object_component>
      <object_component id="oc-13d">
         <name>.debug_info</name>
         <load_address>0x21ee</load_address>
         <run_address>0x21ee</run_address>
         <size>0x697</size>
         <input_file_ref idref="fl-4"/>
      </object_component>
      <object_component id="oc-137">
         <name>.debug_info</name>
         <load_address>0x2885</load_address>
         <run_address>0x2885</run_address>
         <size>0x351</size>
         <input_file_ref idref="fl-4"/>
      </object_component>
      <object_component id="oc-1de">
         <name>.debug_info</name>
         <load_address>0x2bd6</load_address>
         <run_address>0x2bd6</run_address>
         <size>0x42</size>
         <input_file_ref idref="fl-4"/>
      </object_component>
      <object_component id="oc-1e5">
         <name>.debug_info</name>
         <load_address>0x2c18</load_address>
         <run_address>0x2c18</run_address>
         <size>0x4f</size>
         <input_file_ref idref="fl-4"/>
      </object_component>
      <object_component id="oc-3e">
         <name>.debug_info</name>
         <load_address>0x2c67</load_address>
         <run_address>0x2c67</run_address>
         <size>0x84</size>
         <input_file_ref idref="fl-4"/>
      </object_component>
      <object_component id="oc-182">
         <name>.debug_info</name>
         <load_address>0x2ceb</load_address>
         <run_address>0x2ceb</run_address>
         <size>0x4f</size>
         <input_file_ref idref="fl-4"/>
      </object_component>
      <object_component id="oc-1ae">
         <name>.debug_info</name>
         <load_address>0x2d3a</load_address>
         <run_address>0x2d3a</run_address>
         <size>0x1cf</size>
         <input_file_ref idref="fl-5"/>
      </object_component>
      <object_component id="oc-110">
         <name>.debug_info</name>
         <load_address>0x2f09</load_address>
         <run_address>0x2f09</run_address>
         <size>0x461</size>
         <input_file_ref idref="fl-5"/>
      </object_component>
      <object_component id="oc-216">
         <name>.debug_info</name>
         <load_address>0x336a</load_address>
         <run_address>0x336a</run_address>
         <size>0xcc</size>
         <input_file_ref idref="fl-5"/>
      </object_component>
      <object_component id="oc-101">
         <name>.debug_info</name>
         <load_address>0x3436</load_address>
         <run_address>0x3436</run_address>
         <size>0x53</size>
         <input_file_ref idref="fl-5"/>
      </object_component>
      <object_component id="oc-1b7">
         <name>.debug_info</name>
         <load_address>0x3489</load_address>
         <run_address>0x3489</run_address>
         <size>0x61f</size>
         <input_file_ref idref="fl-6"/>
      </object_component>
      <object_component id="oc-131">
         <name>.debug_info</name>
         <load_address>0x3aa8</load_address>
         <run_address>0x3aa8</run_address>
         <size>0x13f6</size>
         <input_file_ref idref="fl-6"/>
      </object_component>
      <object_component id="oc-21d">
         <name>.debug_info</name>
         <load_address>0x4e9e</load_address>
         <run_address>0x4e9e</run_address>
         <size>0x76</size>
         <input_file_ref idref="fl-6"/>
      </object_component>
      <object_component id="oc-1b2">
         <name>.debug_info</name>
         <load_address>0x4f14</load_address>
         <run_address>0x4f14</run_address>
         <size>0x39</size>
         <input_file_ref idref="fl-6"/>
      </object_component>
      <object_component id="oc-19d">
         <name>.debug_info</name>
         <load_address>0x4f4d</load_address>
         <run_address>0x4f4d</run_address>
         <size>0x3de</size>
         <input_file_ref idref="fl-7"/>
      </object_component>
      <object_component id="oc-19a">
         <name>.debug_info</name>
         <load_address>0x532b</load_address>
         <run_address>0x532b</run_address>
         <size>0xc5</size>
         <input_file_ref idref="fl-7"/>
      </object_component>
      <object_component id="oc-197">
         <name>.debug_info</name>
         <load_address>0x53f0</load_address>
         <run_address>0x53f0</run_address>
         <size>0xd3</size>
         <input_file_ref idref="fl-7"/>
      </object_component>
      <object_component id="oc-dc">
         <name>.debug_info</name>
         <load_address>0x54c3</load_address>
         <run_address>0x54c3</run_address>
         <size>0x2db</size>
         <input_file_ref idref="fl-7"/>
      </object_component>
      <object_component id="oc-19f">
         <name>.debug_info</name>
         <load_address>0x579e</load_address>
         <run_address>0x579e</run_address>
         <size>0x351</size>
         <input_file_ref idref="fl-8"/>
      </object_component>
      <object_component id="oc-e2">
         <name>.debug_info</name>
         <load_address>0x5aef</load_address>
         <run_address>0x5aef</run_address>
         <size>0x43d</size>
         <input_file_ref idref="fl-8"/>
      </object_component>
      <object_component id="oc-13f">
         <name>.debug_info</name>
         <load_address>0x5f2c</load_address>
         <run_address>0x5f2c</run_address>
         <size>0x537</size>
         <input_file_ref idref="fl-9"/>
      </object_component>
      <object_component id="oc-c1">
         <name>.debug_info</name>
         <load_address>0x6463</load_address>
         <run_address>0x6463</run_address>
         <size>0x150</size>
         <input_file_ref idref="fl-9"/>
      </object_component>
      <object_component id="oc-87">
         <name>.debug_info</name>
         <load_address>0x65b3</load_address>
         <run_address>0x65b3</run_address>
         <size>0x3d6</size>
         <input_file_ref idref="fl-a"/>
      </object_component>
      <object_component id="oc-7a">
         <name>.debug_info</name>
         <load_address>0x6989</load_address>
         <run_address>0x6989</run_address>
         <size>0xf2</size>
         <input_file_ref idref="fl-a"/>
      </object_component>
      <object_component id="oc-84">
         <name>.debug_info</name>
         <load_address>0x6a7b</load_address>
         <run_address>0x6a7b</run_address>
         <size>0xd9</size>
         <input_file_ref idref="fl-a"/>
      </object_component>
      <object_component id="oc-30">
         <name>.debug_info</name>
         <load_address>0x6b54</load_address>
         <run_address>0x6b54</run_address>
         <size>0x499</size>
         <input_file_ref idref="fl-a"/>
      </object_component>
      <object_component id="oc-2b">
         <name>.debug_info</name>
         <load_address>0x6fed</load_address>
         <run_address>0x6fed</run_address>
         <size>0x22a</size>
         <input_file_ref idref="fl-b"/>
      </object_component>
      <object_component id="oc-22a">
         <name>.debug_info</name>
         <load_address>0x7217</load_address>
         <run_address>0x7217</run_address>
         <size>0x81f</size>
         <input_file_ref idref="fl-c"/>
      </object_component>
      <object_component id="oc-1bf">
         <name>.debug_info</name>
         <load_address>0x7a36</load_address>
         <run_address>0x7a36</run_address>
         <size>0x31f4</size>
         <input_file_ref idref="fl-c"/>
      </object_component>
      <object_component id="oc-2a4">
         <name>.debug_info</name>
         <load_address>0xac2a</load_address>
         <run_address>0xac2a</run_address>
         <size>0x23f</size>
         <input_file_ref idref="fl-c"/>
      </object_component>
      <object_component id="oc-22d">
         <name>.debug_info</name>
         <load_address>0xae69</load_address>
         <run_address>0xae69</run_address>
         <size>0x46</size>
         <input_file_ref idref="fl-c"/>
      </object_component>
      <object_component id="oc-1cb">
         <name>.debug_info</name>
         <load_address>0xaeaf</load_address>
         <run_address>0xaeaf</run_address>
         <size>0x476</size>
         <input_file_ref idref="fl-d"/>
      </object_component>
      <object_component id="oc-127">
         <name>.debug_info</name>
         <load_address>0xb325</load_address>
         <run_address>0xb325</run_address>
         <size>0x2c</size>
         <input_file_ref idref="fl-e"/>
      </object_component>
      <object_component id="oc-d3">
         <name>.debug_info</name>
         <load_address>0xb351</load_address>
         <run_address>0xb351</run_address>
         <size>0x723</size>
         <input_file_ref idref="fl-f"/>
      </object_component>
      <object_component id="oc-77">
         <name>.debug_info</name>
         <load_address>0xba74</load_address>
         <run_address>0xba74</run_address>
         <size>0x334</size>
         <input_file_ref idref="fl-f"/>
      </object_component>
      <object_component id="oc-e8">
         <name>.debug_info</name>
         <load_address>0xbda8</load_address>
         <run_address>0xbda8</run_address>
         <size>0xdb</size>
         <input_file_ref idref="fl-f"/>
      </object_component>
      <object_component id="oc-f7">
         <name>.debug_info</name>
         <load_address>0xbe83</load_address>
         <run_address>0xbe83</run_address>
         <size>0xdb</size>
         <input_file_ref idref="fl-f"/>
      </object_component>
      <object_component id="oc-fa">
         <name>.debug_info</name>
         <load_address>0xbf5e</load_address>
         <run_address>0xbf5e</run_address>
         <size>0xdb</size>
         <input_file_ref idref="fl-f"/>
      </object_component>
      <object_component id="oc-ee">
         <name>.debug_info</name>
         <load_address>0xc039</load_address>
         <run_address>0xc039</run_address>
         <size>0x11e</size>
         <input_file_ref idref="fl-f"/>
      </object_component>
      <object_component id="oc-f4">
         <name>.debug_info</name>
         <load_address>0xc157</load_address>
         <run_address>0xc157</run_address>
         <size>0xdb</size>
         <input_file_ref idref="fl-f"/>
      </object_component>
      <object_component id="oc-eb">
         <name>.debug_info</name>
         <load_address>0xc232</load_address>
         <run_address>0xc232</run_address>
         <size>0xe9</size>
         <input_file_ref idref="fl-f"/>
      </object_component>
      <object_component id="oc-f1">
         <name>.debug_info</name>
         <load_address>0xc31b</load_address>
         <run_address>0xc31b</run_address>
         <size>0xdd</size>
         <input_file_ref idref="fl-f"/>
      </object_component>
      <object_component id="oc-7d">
         <name>.debug_info</name>
         <load_address>0xc3f8</load_address>
         <run_address>0xc3f8</run_address>
         <size>0x4476</size>
         <input_file_ref idref="fl-f"/>
      </object_component>
      <object_component id="oc-d4">
         <name>.debug_info</name>
         <load_address>0x1086e</load_address>
         <run_address>0x1086e</run_address>
         <size>0x30c</size>
         <input_file_ref idref="fl-f"/>
      </object_component>
      <object_component id="oc-18c">
         <name>.debug_info</name>
         <load_address>0x10b7a</load_address>
         <run_address>0x10b7a</run_address>
         <size>0x144</size>
         <input_file_ref idref="fl-f"/>
      </object_component>
      <object_component id="oc-37">
         <name>.debug_info</name>
         <load_address>0x10cbe</load_address>
         <run_address>0x10cbe</run_address>
         <size>0x325</size>
         <input_file_ref idref="fl-11"/>
      </object_component>
      <object_component id="oc-10">
         <name>.debug_info</name>
         <load_address>0x10fe3</load_address>
         <run_address>0x10fe3</run_address>
         <size>0xe4</size>
         <input_file_ref idref="fl-11"/>
      </object_component>
      <object_component id="oc-25">
         <name>.debug_info</name>
         <load_address>0x110c7</load_address>
         <run_address>0x110c7</run_address>
         <size>0x260</size>
         <input_file_ref idref="fl-11"/>
      </object_component>
      <object_component id="oc-44">
         <name>.debug_info</name>
         <load_address>0x11327</load_address>
         <run_address>0x11327</run_address>
         <size>0x111</size>
         <input_file_ref idref="fl-cc"/>
      </object_component>
      <object_component id="oc-b4">
         <name>.debug_info</name>
         <load_address>0x11438</load_address>
         <run_address>0x11438</run_address>
         <size>0x13f</size>
         <input_file_ref idref="fl-cd"/>
      </object_component>
      <object_component id="oc-b2">
         <name>.debug_info</name>
         <load_address>0x11577</load_address>
         <run_address>0x11577</run_address>
         <size>0x313</size>
         <input_file_ref idref="fl-ce"/>
      </object_component>
      <object_component id="oc-57">
         <name>.debug_info</name>
         <load_address>0x1188a</load_address>
         <run_address>0x1188a</run_address>
         <size>0x1aa</size>
         <input_file_ref idref="fl-ce"/>
      </object_component>
      <object_component id="oc-ad">
         <name>.debug_info</name>
         <load_address>0x11a34</load_address>
         <run_address>0x11a34</run_address>
         <size>0x46</size>
         <input_file_ref idref="fl-ce"/>
      </object_component>
      <object_component id="oc-4e">
         <name>.debug_info</name>
         <load_address>0x11a7a</load_address>
         <run_address>0x11a7a</run_address>
         <size>0x29d</size>
         <input_file_ref idref="fl-cf"/>
      </object_component>
      <object_component id="oc-19">
         <name>.debug_info</name>
         <load_address>0x11d17</load_address>
         <run_address>0x11d17</run_address>
         <size>0x1df</size>
         <input_file_ref idref="fl-cf"/>
      </object_component>
      <object_component id="oc-49">
         <name>.debug_info</name>
         <load_address>0x11ef6</load_address>
         <run_address>0x11ef6</run_address>
         <size>0x46</size>
         <input_file_ref idref="fl-cf"/>
      </object_component>
      <object_component id="oc-a5">
         <name>.debug_info</name>
         <load_address>0x11f3c</load_address>
         <run_address>0x11f3c</run_address>
         <size>0x2c</size>
         <input_file_ref idref="fl-cf"/>
      </object_component>
      <object_component id="oc-a3">
         <name>.debug_info</name>
         <load_address>0x11f68</load_address>
         <run_address>0x11f68</run_address>
         <size>0x293</size>
         <input_file_ref idref="fl-d0"/>
      </object_component>
      <object_component id="oc-15">
         <name>.debug_info</name>
         <load_address>0x121fb</load_address>
         <run_address>0x121fb</run_address>
         <size>0x245</size>
         <input_file_ref idref="fl-d0"/>
      </object_component>
      <object_component id="oc-39">
         <name>.debug_info</name>
         <load_address>0x12440</load_address>
         <run_address>0x12440</run_address>
         <size>0x60</size>
         <input_file_ref idref="fl-d0"/>
      </object_component>
      <object_component id="oc-120">
         <name>.debug_info</name>
         <load_address>0x124a0</load_address>
         <run_address>0x124a0</run_address>
         <size>0x46</size>
         <input_file_ref idref="fl-d0"/>
      </object_component>
      <object_component id="oc-9e">
         <name>.debug_info</name>
         <load_address>0x124e6</load_address>
         <run_address>0x124e6</run_address>
         <size>0x39</size>
         <input_file_ref idref="fl-d0"/>
      </object_component>
      <object_component id="oc-22">
         <name>.debug_info</name>
         <load_address>0x1251f</load_address>
         <run_address>0x1251f</run_address>
         <size>0x100</size>
         <input_file_ref idref="fl-d1"/>
      </object_component>
      <object_component id="oc-62">
         <name>.debug_info</name>
         <load_address>0x1261f</load_address>
         <run_address>0x1261f</run_address>
         <size>0x1a4</size>
         <input_file_ref idref="fl-d1"/>
      </object_component>
      <object_component id="oc-143">
         <name>.debug_info</name>
         <load_address>0x127c3</load_address>
         <run_address>0x127c3</run_address>
         <size>0x117</size>
         <input_file_ref idref="fl-d2"/>
      </object_component>
      <object_component id="oc-289">
         <name>.debug_info</name>
         <load_address>0x128da</load_address>
         <run_address>0x128da</run_address>
         <size>0x2be</size>
         <input_file_ref idref="fl-d3"/>
      </object_component>
      <object_component id="oc-1f1">
         <name>.debug_info</name>
         <load_address>0x12b98</load_address>
         <run_address>0x12b98</run_address>
         <size>0x113</size>
         <input_file_ref idref="fl-d3"/>
      </object_component>
      <object_component id="oc-285">
         <name>.debug_info</name>
         <load_address>0x12cab</load_address>
         <run_address>0x12cab</run_address>
         <size>0x123</size>
         <input_file_ref idref="fl-d3"/>
      </object_component>
      <object_component id="oc-2ca">
         <name>.debug_info</name>
         <load_address>0x12dce</load_address>
         <run_address>0x12dce</run_address>
         <size>0xf0</size>
         <input_file_ref idref="fl-d5"/>
      </object_component>
      <object_component id="oc-279">
         <name>.debug_info</name>
         <load_address>0x12ebe</load_address>
         <run_address>0x12ebe</run_address>
         <size>0x132</size>
         <input_file_ref idref="fl-d5"/>
      </object_component>
      <object_component id="oc-1f7">
         <name>.debug_info</name>
         <load_address>0x12ff0</load_address>
         <run_address>0x12ff0</run_address>
         <size>0x547</size>
         <input_file_ref idref="fl-d6"/>
      </object_component>
      <object_component id="oc-152">
         <name>.debug_info</name>
         <load_address>0x13537</load_address>
         <run_address>0x13537</run_address>
         <size>0x19b</size>
         <input_file_ref idref="fl-d6"/>
      </object_component>
      <object_component id="oc-28f">
         <name>.debug_info</name>
         <load_address>0x136d2</load_address>
         <run_address>0x136d2</run_address>
         <size>0x39</size>
         <input_file_ref idref="fl-d6"/>
      </object_component>
      <object_component id="oc-2d0">
         <name>.debug_info</name>
         <load_address>0x1370b</load_address>
         <run_address>0x1370b</run_address>
         <size>0x39</size>
         <input_file_ref idref="fl-d6"/>
      </object_component>
      <object_component id="oc-294">
         <name>.debug_info</name>
         <load_address>0x13744</load_address>
         <run_address>0x13744</run_address>
         <size>0x39</size>
         <input_file_ref idref="fl-d6"/>
      </object_component>
      <object_component id="oc-299">
         <name>.debug_info</name>
         <load_address>0x1377d</load_address>
         <run_address>0x1377d</run_address>
         <size>0xcd</size>
         <input_file_ref idref="fl-d6"/>
      </object_component>
      <object_component id="oc-bd">
         <name>.debug_info</name>
         <load_address>0x1384a</load_address>
         <run_address>0x1384a</run_address>
         <size>0x148</size>
         <input_file_ref idref="fl-d7"/>
      </object_component>
      <object_component id="oc-233">
         <name>.debug_info</name>
         <load_address>0x13992</load_address>
         <run_address>0x13992</run_address>
         <size>0x240</size>
         <input_file_ref idref="fl-d9"/>
      </object_component>
      <object_component id="oc-2c1">
         <name>.debug_info</name>
         <load_address>0x13bd2</load_address>
         <run_address>0x13bd2</run_address>
         <size>0x15b</size>
         <input_file_ref idref="fl-d9"/>
      </object_component>
      <object_component id="oc-1c7">
         <name>.debug_info</name>
         <load_address>0x13d2d</load_address>
         <run_address>0x13d2d</run_address>
         <size>0x2a3</size>
         <input_file_ref idref="fl-d9"/>
      </object_component>
      <object_component id="oc-2b6">
         <name>.debug_info</name>
         <load_address>0x13fd0</load_address>
         <run_address>0x13fd0</run_address>
         <size>0x2b3</size>
         <input_file_ref idref="fl-d9"/>
      </object_component>
      <object_component id="oc-2bc">
         <name>.debug_info</name>
         <load_address>0x14283</load_address>
         <run_address>0x14283</run_address>
         <size>0x316</size>
         <input_file_ref idref="fl-d9"/>
      </object_component>
      <object_component id="oc-24f">
         <name>.debug_info</name>
         <load_address>0x14599</load_address>
         <run_address>0x14599</run_address>
         <size>0x279</size>
         <input_file_ref idref="fl-d9"/>
      </object_component>
      <object_component id="oc-26e">
         <name>.debug_info</name>
         <load_address>0x14812</load_address>
         <run_address>0x14812</run_address>
         <size>0x2b7</size>
         <input_file_ref idref="fl-d9"/>
      </object_component>
      <object_component id="oc-275">
         <name>.debug_info</name>
         <load_address>0x14ac9</load_address>
         <run_address>0x14ac9</run_address>
         <size>0x27b</size>
         <input_file_ref idref="fl-d9"/>
      </object_component>
      <object_component id="oc-256">
         <name>.debug_info</name>
         <load_address>0x14d44</load_address>
         <run_address>0x14d44</run_address>
         <size>0x280</size>
         <input_file_ref idref="fl-d9"/>
      </object_component>
      <object_component id="oc-223">
         <name>.debug_info</name>
         <load_address>0x14fc4</load_address>
         <run_address>0x14fc4</run_address>
         <size>0x18b</size>
         <input_file_ref idref="fl-d9"/>
      </object_component>
      <object_component id="oc-228">
         <name>.debug_info</name>
         <load_address>0x1514f</load_address>
         <run_address>0x1514f</run_address>
         <size>0x21c</size>
         <input_file_ref idref="fl-db"/>
      </object_component>
      <object_component id="oc-25a">
         <name>.debug_info</name>
         <load_address>0x1536b</load_address>
         <run_address>0x1536b</run_address>
         <size>0x242</size>
         <input_file_ref idref="fl-db"/>
      </object_component>
      <object_component id="oc-260">
         <name>.debug_info</name>
         <load_address>0x155ad</load_address>
         <run_address>0x155ad</run_address>
         <size>0x276</size>
         <input_file_ref idref="fl-db"/>
      </object_component>
      <object_component id="oc-1ba">
         <name>.debug_info</name>
         <load_address>0x15823</load_address>
         <run_address>0x15823</run_address>
         <size>0x29a</size>
         <input_file_ref idref="fl-db"/>
      </object_component>
      <object_component id="oc-248">
         <name>.debug_info</name>
         <load_address>0x15abd</load_address>
         <run_address>0x15abd</run_address>
         <size>0x3d9</size>
         <input_file_ref idref="fl-db"/>
      </object_component>
      <object_component id="oc-266">
         <name>.debug_info</name>
         <load_address>0x15e96</load_address>
         <run_address>0x15e96</run_address>
         <size>0x242</size>
         <input_file_ref idref="fl-db"/>
      </object_component>
      <object_component id="oc-2ac">
         <name>.debug_info</name>
         <load_address>0x160d8</load_address>
         <run_address>0x160d8</run_address>
         <size>0x298</size>
         <input_file_ref idref="fl-dc"/>
      </object_component>
      <object_component id="oc-2af">
         <name>.debug_info</name>
         <load_address>0x16370</load_address>
         <run_address>0x16370</run_address>
         <size>0x14d</size>
         <input_file_ref idref="fl-dc"/>
      </object_component>
      <object_component id="oc-23b">
         <name>.debug_info</name>
         <load_address>0x164bd</load_address>
         <run_address>0x164bd</run_address>
         <size>0x27f</size>
         <input_file_ref idref="fl-dc"/>
      </object_component>
      <object_component id="oc-235">
         <name>.debug_info</name>
         <load_address>0x1673c</load_address>
         <run_address>0x1673c</run_address>
         <size>0x27d</size>
         <input_file_ref idref="fl-dc"/>
      </object_component>
      <object_component id="oc-241">
         <name>.debug_info</name>
         <load_address>0x169b9</load_address>
         <run_address>0x169b9</run_address>
         <size>0x2b5</size>
         <input_file_ref idref="fl-dc"/>
      </object_component>
      <object_component id="oc-2de">
         <name>.debug_info</name>
         <load_address>0x16c6e</load_address>
         <run_address>0x16c6e</run_address>
         <size>0x5f</size>
         <input_file_ref idref="fl-dc"/>
      </object_component>
      <object_component id="oc-317">
         <name>.debug_info</name>
         <load_address>0x16ccd</load_address>
         <run_address>0x16ccd</run_address>
         <size>0x9a</size>
      </object_component>
      <object_component id="oc-1b0">
         <name>.debug_line</name>
         <load_address>0x0</load_address>
         <run_address>0x0</run_address>
         <size>0xe8</size>
         <input_file_ref idref="fl-2"/>
      </object_component>
      <object_component id="oc-1da">
         <name>.debug_line</name>
         <load_address>0xe8</load_address>
         <run_address>0xe8</run_address>
         <size>0x1b3</size>
         <input_file_ref idref="fl-2"/>
      </object_component>
      <object_component id="oc-109">
         <name>.debug_line</name>
         <load_address>0x29b</load_address>
         <run_address>0x29b</run_address>
         <size>0x35</size>
         <input_file_ref idref="fl-2"/>
      </object_component>
      <object_component id="oc-97">
         <name>.debug_line</name>
         <load_address>0x2d0</load_address>
         <run_address>0x2d0</run_address>
         <size>0x69</size>
         <input_file_ref idref="fl-2"/>
      </object_component>
      <object_component id="oc-18a">
         <name>.debug_line</name>
         <load_address>0x339</load_address>
         <run_address>0x339</run_address>
         <size>0x65</size>
         <input_file_ref idref="fl-2"/>
      </object_component>
      <object_component id="oc-194">
         <name>.debug_line</name>
         <load_address>0x39e</load_address>
         <run_address>0x39e</run_address>
         <size>0x39</size>
         <input_file_ref idref="fl-2"/>
      </object_component>
      <object_component id="oc-119">
         <name>.debug_line</name>
         <load_address>0x3d7</load_address>
         <run_address>0x3d7</run_address>
         <size>0x20</size>
         <input_file_ref idref="fl-2"/>
      </object_component>
      <object_component id="oc-8b">
         <name>.debug_line</name>
         <load_address>0x3f7</load_address>
         <run_address>0x3f7</run_address>
         <size>0x39</size>
         <input_file_ref idref="fl-2"/>
      </object_component>
      <object_component id="oc-11e">
         <name>.debug_line</name>
         <load_address>0x430</load_address>
         <run_address>0x430</run_address>
         <size>0x6d</size>
         <input_file_ref idref="fl-2"/>
      </object_component>
      <object_component id="oc-9c">
         <name>.debug_line</name>
         <load_address>0x49d</load_address>
         <run_address>0x49d</run_address>
         <size>0x6a</size>
         <input_file_ref idref="fl-2"/>
      </object_component>
      <object_component id="oc-90">
         <name>.debug_line</name>
         <load_address>0x507</load_address>
         <run_address>0x507</run_address>
         <size>0x55</size>
         <input_file_ref idref="fl-2"/>
      </object_component>
      <object_component id="oc-10e">
         <name>.debug_line</name>
         <load_address>0x55c</load_address>
         <run_address>0x55c</run_address>
         <size>0x35</size>
         <input_file_ref idref="fl-2"/>
      </object_component>
      <object_component id="oc-1d4">
         <name>.debug_line</name>
         <load_address>0x591</load_address>
         <run_address>0x591</run_address>
         <size>0x87</size>
         <input_file_ref idref="fl-3"/>
      </object_component>
      <object_component id="oc-1e4">
         <name>.debug_line</name>
         <load_address>0x618</load_address>
         <run_address>0x618</run_address>
         <size>0x10a</size>
         <input_file_ref idref="fl-4"/>
      </object_component>
      <object_component id="oc-13a">
         <name>.debug_line</name>
         <load_address>0x722</load_address>
         <run_address>0x722</run_address>
         <size>0xaa</size>
         <input_file_ref idref="fl-4"/>
      </object_component>
      <object_component id="oc-1e1">
         <name>.debug_line</name>
         <load_address>0x7cc</load_address>
         <run_address>0x7cc</run_address>
         <size>0x3d</size>
         <input_file_ref idref="fl-4"/>
      </object_component>
      <object_component id="oc-1e8">
         <name>.debug_line</name>
         <load_address>0x809</load_address>
         <run_address>0x809</run_address>
         <size>0x36</size>
         <input_file_ref idref="fl-4"/>
      </object_component>
      <object_component id="oc-41">
         <name>.debug_line</name>
         <load_address>0x83f</load_address>
         <run_address>0x83f</run_address>
         <size>0x20</size>
         <input_file_ref idref="fl-4"/>
      </object_component>
      <object_component id="oc-185">
         <name>.debug_line</name>
         <load_address>0x85f</load_address>
         <run_address>0x85f</run_address>
         <size>0x37</size>
         <input_file_ref idref="fl-4"/>
      </object_component>
      <object_component id="oc-215">
         <name>.debug_line</name>
         <load_address>0x896</load_address>
         <run_address>0x896</run_address>
         <size>0x20</size>
         <input_file_ref idref="fl-5"/>
      </object_component>
      <object_component id="oc-113">
         <name>.debug_line</name>
         <load_address>0x8b6</load_address>
         <run_address>0x8b6</run_address>
         <size>0x39</size>
         <input_file_ref idref="fl-5"/>
      </object_component>
      <object_component id="oc-219">
         <name>.debug_line</name>
         <load_address>0x8ef</load_address>
         <run_address>0x8ef</run_address>
         <size>0x39</size>
         <input_file_ref idref="fl-5"/>
      </object_component>
      <object_component id="oc-104">
         <name>.debug_line</name>
         <load_address>0x928</load_address>
         <run_address>0x928</run_address>
         <size>0x65</size>
         <input_file_ref idref="fl-5"/>
      </object_component>
      <object_component id="oc-21c">
         <name>.debug_line</name>
         <load_address>0x98d</load_address>
         <run_address>0x98d</run_address>
         <size>0x98</size>
         <input_file_ref idref="fl-6"/>
      </object_component>
      <object_component id="oc-134">
         <name>.debug_line</name>
         <load_address>0xa25</load_address>
         <run_address>0xa25</run_address>
         <size>0x320</size>
         <input_file_ref idref="fl-6"/>
      </object_component>
      <object_component id="oc-220">
         <name>.debug_line</name>
         <load_address>0xd45</load_address>
         <run_address>0xd45</run_address>
         <size>0x35</size>
         <input_file_ref idref="fl-6"/>
      </object_component>
      <object_component id="oc-1b5">
         <name>.debug_line</name>
         <load_address>0xd7a</load_address>
         <run_address>0xd7a</run_address>
         <size>0x3d</size>
         <input_file_ref idref="fl-6"/>
      </object_component>
      <object_component id="oc-211">
         <name>.debug_line</name>
         <load_address>0xdb7</load_address>
         <run_address>0xdb7</run_address>
         <size>0x35</size>
         <input_file_ref idref="fl-7"/>
      </object_component>
      <object_component id="oc-20f">
         <name>.debug_line</name>
         <load_address>0xdec</load_address>
         <run_address>0xdec</run_address>
         <size>0x2f</size>
         <input_file_ref idref="fl-7"/>
      </object_component>
      <object_component id="oc-20d">
         <name>.debug_line</name>
         <load_address>0xe1b</load_address>
         <run_address>0xe1b</run_address>
         <size>0x2f</size>
         <input_file_ref idref="fl-7"/>
      </object_component>
      <object_component id="oc-df">
         <name>.debug_line</name>
         <load_address>0xe4a</load_address>
         <run_address>0xe4a</run_address>
         <size>0xb2</size>
         <input_file_ref idref="fl-7"/>
      </object_component>
      <object_component id="oc-213">
         <name>.debug_line</name>
         <load_address>0xefc</load_address>
         <run_address>0xefc</run_address>
         <size>0x20</size>
         <input_file_ref idref="fl-8"/>
      </object_component>
      <object_component id="oc-e5">
         <name>.debug_line</name>
         <load_address>0xf1c</load_address>
         <run_address>0xf1c</run_address>
         <size>0xe3</size>
         <input_file_ref idref="fl-8"/>
      </object_component>
      <object_component id="oc-1eb">
         <name>.debug_line</name>
         <load_address>0xfff</load_address>
         <run_address>0xfff</run_address>
         <size>0x63</size>
         <input_file_ref idref="fl-9"/>
      </object_component>
      <object_component id="oc-c3">
         <name>.debug_line</name>
         <load_address>0x1062</load_address>
         <run_address>0x1062</run_address>
         <size>0x48</size>
         <input_file_ref idref="fl-9"/>
      </object_component>
      <object_component id="oc-100">
         <name>.debug_line</name>
         <load_address>0x10aa</load_address>
         <run_address>0x10aa</run_address>
         <size>0x42</size>
         <input_file_ref idref="fl-a"/>
      </object_component>
      <object_component id="oc-da">
         <name>.debug_line</name>
         <load_address>0x10ec</load_address>
         <run_address>0x10ec</run_address>
         <size>0x2d</size>
         <input_file_ref idref="fl-a"/>
      </object_component>
      <object_component id="oc-fe">
         <name>.debug_line</name>
         <load_address>0x1119</load_address>
         <run_address>0x1119</run_address>
         <size>0x2d</size>
         <input_file_ref idref="fl-a"/>
      </object_component>
      <object_component id="oc-33">
         <name>.debug_line</name>
         <load_address>0x1146</load_address>
         <run_address>0x1146</run_address>
         <size>0x12f</size>
         <input_file_ref idref="fl-a"/>
      </object_component>
      <object_component id="oc-2e">
         <name>.debug_line</name>
         <load_address>0x1275</load_address>
         <run_address>0x1275</run_address>
         <size>0xc2</size>
         <input_file_ref idref="fl-b"/>
      </object_component>
      <object_component id="oc-2a3">
         <name>.debug_line</name>
         <load_address>0x1337</load_address>
         <run_address>0x1337</run_address>
         <size>0xa6</size>
         <input_file_ref idref="fl-c"/>
      </object_component>
      <object_component id="oc-1c2">
         <name>.debug_line</name>
         <load_address>0x13dd</load_address>
         <run_address>0x13dd</run_address>
         <size>0x8a7</size>
         <input_file_ref idref="fl-c"/>
      </object_component>
      <object_component id="oc-2a7">
         <name>.debug_line</name>
         <load_address>0x1c84</load_address>
         <run_address>0x1c84</run_address>
         <size>0x2e</size>
         <input_file_ref idref="fl-c"/>
      </object_component>
      <object_component id="oc-230">
         <name>.debug_line</name>
         <load_address>0x1cb2</load_address>
         <run_address>0x1cb2</run_address>
         <size>0x36</size>
         <input_file_ref idref="fl-c"/>
      </object_component>
      <object_component id="oc-1ce">
         <name>.debug_line</name>
         <load_address>0x1ce8</load_address>
         <run_address>0x1ce8</run_address>
         <size>0xc5</size>
         <input_file_ref idref="fl-d"/>
      </object_component>
      <object_component id="oc-12a">
         <name>.debug_line</name>
         <load_address>0x1dad</load_address>
         <run_address>0x1dad</run_address>
         <size>0x65</size>
         <input_file_ref idref="fl-e"/>
      </object_component>
      <object_component id="oc-181">
         <name>.debug_line</name>
         <load_address>0x1e12</load_address>
         <run_address>0x1e12</run_address>
         <size>0xc8</size>
         <input_file_ref idref="fl-f"/>
      </object_component>
      <object_component id="oc-d2">
         <name>.debug_line</name>
         <load_address>0x1eda</load_address>
         <run_address>0x1eda</run_address>
         <size>0x2e</size>
         <input_file_ref idref="fl-f"/>
      </object_component>
      <object_component id="oc-1a1">
         <name>.debug_line</name>
         <load_address>0x1f08</load_address>
         <run_address>0x1f08</run_address>
         <size>0x2e</size>
         <input_file_ref idref="fl-f"/>
      </object_component>
      <object_component id="oc-1ab">
         <name>.debug_line</name>
         <load_address>0x1f36</load_address>
         <run_address>0x1f36</run_address>
         <size>0x2e</size>
         <input_file_ref idref="fl-f"/>
      </object_component>
      <object_component id="oc-1ad">
         <name>.debug_line</name>
         <load_address>0x1f64</load_address>
         <run_address>0x1f64</run_address>
         <size>0x2e</size>
         <input_file_ref idref="fl-f"/>
      </object_component>
      <object_component id="oc-1a5">
         <name>.debug_line</name>
         <load_address>0x1f92</load_address>
         <run_address>0x1f92</run_address>
         <size>0x2e</size>
         <input_file_ref idref="fl-f"/>
      </object_component>
      <object_component id="oc-1a9">
         <name>.debug_line</name>
         <load_address>0x1fc0</load_address>
         <run_address>0x1fc0</run_address>
         <size>0x2e</size>
         <input_file_ref idref="fl-f"/>
      </object_component>
      <object_component id="oc-1a3">
         <name>.debug_line</name>
         <load_address>0x1fee</load_address>
         <run_address>0x1fee</run_address>
         <size>0x2e</size>
         <input_file_ref idref="fl-f"/>
      </object_component>
      <object_component id="oc-1a7">
         <name>.debug_line</name>
         <load_address>0x201c</load_address>
         <run_address>0x201c</run_address>
         <size>0x2e</size>
         <input_file_ref idref="fl-f"/>
      </object_component>
      <object_component id="oc-80">
         <name>.debug_line</name>
         <load_address>0x204a</load_address>
         <run_address>0x204a</run_address>
         <size>0xdc4</size>
         <input_file_ref idref="fl-f"/>
      </object_component>
      <object_component id="oc-d7">
         <name>.debug_line</name>
         <load_address>0x2e0e</load_address>
         <run_address>0x2e0e</run_address>
         <size>0x35</size>
         <input_file_ref idref="fl-f"/>
      </object_component>
      <object_component id="oc-18f">
         <name>.debug_line</name>
         <load_address>0x2e43</load_address>
         <run_address>0x2e43</run_address>
         <size>0x2e</size>
         <input_file_ref idref="fl-f"/>
      </object_component>
      <object_component id="oc-93">
         <name>.debug_line</name>
         <load_address>0x2e71</load_address>
         <run_address>0x2e71</run_address>
         <size>0x41</size>
         <input_file_ref idref="fl-11"/>
      </object_component>
      <object_component id="oc-36">
         <name>.debug_line</name>
         <load_address>0x2eb2</load_address>
         <run_address>0x2eb2</run_address>
         <size>0x41</size>
         <input_file_ref idref="fl-11"/>
      </object_component>
      <object_component id="oc-28">
         <name>.debug_line</name>
         <load_address>0x2ef3</load_address>
         <run_address>0x2ef3</run_address>
         <size>0xa1</size>
         <input_file_ref idref="fl-11"/>
      </object_component>
      <object_component id="oc-47">
         <name>.debug_line</name>
         <load_address>0x2f94</load_address>
         <run_address>0x2f94</run_address>
         <size>0x88</size>
         <input_file_ref idref="fl-cc"/>
      </object_component>
      <object_component id="oc-b7">
         <name>.debug_line</name>
         <load_address>0x301c</load_address>
         <run_address>0x301c</run_address>
         <size>0x79</size>
         <input_file_ref idref="fl-cd"/>
      </object_component>
      <object_component id="oc-12d">
         <name>.debug_line</name>
         <load_address>0x3095</load_address>
         <run_address>0x3095</run_address>
         <size>0x9e</size>
         <input_file_ref idref="fl-ce"/>
      </object_component>
      <object_component id="oc-5a">
         <name>.debug_line</name>
         <load_address>0x3133</load_address>
         <run_address>0x3133</run_address>
         <size>0x4f</size>
         <input_file_ref idref="fl-ce"/>
      </object_component>
      <object_component id="oc-b0">
         <name>.debug_line</name>
         <load_address>0x3182</load_address>
         <run_address>0x3182</run_address>
         <size>0x34</size>
         <input_file_ref idref="fl-ce"/>
      </object_component>
      <object_component id="oc-ab">
         <name>.debug_line</name>
         <load_address>0x31b6</load_address>
         <run_address>0x31b6</run_address>
         <size>0x20</size>
         <input_file_ref idref="fl-cf"/>
      </object_component>
      <object_component id="oc-1d">
         <name>.debug_line</name>
         <load_address>0x31d6</load_address>
         <run_address>0x31d6</run_address>
         <size>0x55</size>
         <input_file_ref idref="fl-cf"/>
      </object_component>
      <object_component id="oc-4c">
         <name>.debug_line</name>
         <load_address>0x322b</load_address>
         <run_address>0x322b</run_address>
         <size>0x3a</size>
         <input_file_ref idref="fl-cf"/>
      </object_component>
      <object_component id="oc-a8">
         <name>.debug_line</name>
         <load_address>0x3265</load_address>
         <run_address>0x3265</run_address>
         <size>0x8a</size>
         <input_file_ref idref="fl-cf"/>
      </object_component>
      <object_component id="oc-126">
         <name>.debug_line</name>
         <load_address>0x32ef</load_address>
         <run_address>0x32ef</run_address>
         <size>0x20</size>
         <input_file_ref idref="fl-d0"/>
      </object_component>
      <object_component id="oc-14">
         <name>.debug_line</name>
         <load_address>0x330f</load_address>
         <run_address>0x330f</run_address>
         <size>0xa9</size>
         <input_file_ref idref="fl-d0"/>
      </object_component>
      <object_component id="oc-3c">
         <name>.debug_line</name>
         <load_address>0x33b8</load_address>
         <run_address>0x33b8</run_address>
         <size>0x3a</size>
         <input_file_ref idref="fl-d0"/>
      </object_component>
      <object_component id="oc-123">
         <name>.debug_line</name>
         <load_address>0x33f2</load_address>
         <run_address>0x33f2</run_address>
         <size>0x92</size>
         <input_file_ref idref="fl-d0"/>
      </object_component>
      <object_component id="oc-a1">
         <name>.debug_line</name>
         <load_address>0x3484</load_address>
         <run_address>0x3484</run_address>
         <size>0x8e</size>
         <input_file_ref idref="fl-d0"/>
      </object_component>
      <object_component id="oc-74">
         <name>.debug_line</name>
         <load_address>0x3512</load_address>
         <run_address>0x3512</run_address>
         <size>0x33</size>
         <input_file_ref idref="fl-d1"/>
      </object_component>
      <object_component id="oc-65">
         <name>.debug_line</name>
         <load_address>0x3545</load_address>
         <run_address>0x3545</run_address>
         <size>0x56</size>
         <input_file_ref idref="fl-d1"/>
      </object_component>
      <object_component id="oc-146">
         <name>.debug_line</name>
         <load_address>0x359b</load_address>
         <run_address>0x359b</run_address>
         <size>0x3c</size>
         <input_file_ref idref="fl-d2"/>
      </object_component>
      <object_component id="oc-2cf">
         <name>.debug_line</name>
         <load_address>0x35d7</load_address>
         <run_address>0x35d7</run_address>
         <size>0x20</size>
         <input_file_ref idref="fl-d3"/>
      </object_component>
      <object_component id="oc-288">
         <name>.debug_line</name>
         <load_address>0x35f7</load_address>
         <run_address>0x35f7</run_address>
         <size>0x2b</size>
         <input_file_ref idref="fl-d3"/>
      </object_component>
      <object_component id="oc-282">
         <name>.debug_line</name>
         <load_address>0x3622</load_address>
         <run_address>0x3622</run_address>
         <size>0x3a</size>
         <input_file_ref idref="fl-d3"/>
      </object_component>
      <object_component id="oc-2ea">
         <name>.debug_line</name>
         <load_address>0x365c</load_address>
         <run_address>0x365c</run_address>
         <size>0x2a</size>
         <input_file_ref idref="fl-d5"/>
      </object_component>
      <object_component id="oc-27d">
         <name>.debug_line</name>
         <load_address>0x3686</load_address>
         <run_address>0x3686</run_address>
         <size>0x45</size>
         <input_file_ref idref="fl-d5"/>
      </object_component>
      <object_component id="oc-28e">
         <name>.debug_line</name>
         <load_address>0x36cb</load_address>
         <run_address>0x36cb</run_address>
         <size>0xb7</size>
         <input_file_ref idref="fl-d6"/>
      </object_component>
      <object_component id="oc-151">
         <name>.debug_line</name>
         <load_address>0x3782</load_address>
         <run_address>0x3782</run_address>
         <size>0x6c</size>
         <input_file_ref idref="fl-d6"/>
      </object_component>
      <object_component id="oc-292">
         <name>.debug_line</name>
         <load_address>0x37ee</load_address>
         <run_address>0x37ee</run_address>
         <size>0x2e</size>
         <input_file_ref idref="fl-d6"/>
      </object_component>
      <object_component id="oc-2d3">
         <name>.debug_line</name>
         <load_address>0x381c</load_address>
         <run_address>0x381c</run_address>
         <size>0x92</size>
         <input_file_ref idref="fl-d6"/>
      </object_component>
      <object_component id="oc-297">
         <name>.debug_line</name>
         <load_address>0x38ae</load_address>
         <run_address>0x38ae</run_address>
         <size>0x8f</size>
         <input_file_ref idref="fl-d6"/>
      </object_component>
      <object_component id="oc-29c">
         <name>.debug_line</name>
         <load_address>0x393d</load_address>
         <run_address>0x393d</run_address>
         <size>0x8b</size>
         <input_file_ref idref="fl-d6"/>
      </object_component>
      <object_component id="oc-bc">
         <name>.debug_line</name>
         <load_address>0x39c8</load_address>
         <run_address>0x39c8</run_address>
         <size>0x40</size>
         <input_file_ref idref="fl-d7"/>
      </object_component>
      <object_component id="oc-2aa">
         <name>.debug_line</name>
         <load_address>0x3a08</load_address>
         <run_address>0x3a08</run_address>
         <size>0x82</size>
         <input_file_ref idref="fl-d9"/>
      </object_component>
      <object_component id="oc-2e8">
         <name>.debug_line</name>
         <load_address>0x3a8a</load_address>
         <run_address>0x3a8a</run_address>
         <size>0x7d</size>
         <input_file_ref idref="fl-d9"/>
      </object_component>
      <object_component id="oc-1c9">
         <name>.debug_line</name>
         <load_address>0x3b07</load_address>
         <run_address>0x3b07</run_address>
         <size>0x92</size>
         <input_file_ref idref="fl-d9"/>
      </object_component>
      <object_component id="oc-2b8">
         <name>.debug_line</name>
         <load_address>0x3b99</load_address>
         <run_address>0x3b99</run_address>
         <size>0x95</size>
         <input_file_ref idref="fl-d9"/>
      </object_component>
      <object_component id="oc-2be">
         <name>.debug_line</name>
         <load_address>0x3c2e</load_address>
         <run_address>0x3c2e</run_address>
         <size>0xd1</size>
         <input_file_ref idref="fl-d9"/>
      </object_component>
      <object_component id="oc-251">
         <name>.debug_line</name>
         <load_address>0x3cff</load_address>
         <run_address>0x3cff</run_address>
         <size>0x93</size>
         <input_file_ref idref="fl-d9"/>
      </object_component>
      <object_component id="oc-270">
         <name>.debug_line</name>
         <load_address>0x3d92</load_address>
         <run_address>0x3d92</run_address>
         <size>0x99</size>
         <input_file_ref idref="fl-d9"/>
      </object_component>
      <object_component id="oc-274">
         <name>.debug_line</name>
         <load_address>0x3e2b</load_address>
         <run_address>0x3e2b</run_address>
         <size>0x92</size>
         <input_file_ref idref="fl-d9"/>
      </object_component>
      <object_component id="oc-255">
         <name>.debug_line</name>
         <load_address>0x3ebd</load_address>
         <run_address>0x3ebd</run_address>
         <size>0xa7</size>
         <input_file_ref idref="fl-d9"/>
      </object_component>
      <object_component id="oc-226">
         <name>.debug_line</name>
         <load_address>0x3f64</load_address>
         <run_address>0x3f64</run_address>
         <size>0x69</size>
         <input_file_ref idref="fl-d9"/>
      </object_component>
      <object_component id="oc-2a1">
         <name>.debug_line</name>
         <load_address>0x3fcd</load_address>
         <run_address>0x3fcd</run_address>
         <size>0x82</size>
         <input_file_ref idref="fl-db"/>
      </object_component>
      <object_component id="oc-25c">
         <name>.debug_line</name>
         <load_address>0x404f</load_address>
         <run_address>0x404f</run_address>
         <size>0x91</size>
         <input_file_ref idref="fl-db"/>
      </object_component>
      <object_component id="oc-262">
         <name>.debug_line</name>
         <load_address>0x40e0</load_address>
         <run_address>0x40e0</run_address>
         <size>0x94</size>
         <input_file_ref idref="fl-db"/>
      </object_component>
      <object_component id="oc-1bc">
         <name>.debug_line</name>
         <load_address>0x4174</load_address>
         <run_address>0x4174</run_address>
         <size>0x97</size>
         <input_file_ref idref="fl-db"/>
      </object_component>
      <object_component id="oc-24a">
         <name>.debug_line</name>
         <load_address>0x420b</load_address>
         <run_address>0x420b</run_address>
         <size>0xa3</size>
         <input_file_ref idref="fl-db"/>
      </object_component>
      <object_component id="oc-268">
         <name>.debug_line</name>
         <load_address>0x42ae</load_address>
         <run_address>0x42ae</run_address>
         <size>0x91</size>
         <input_file_ref idref="fl-db"/>
      </object_component>
      <object_component id="oc-2dd">
         <name>.debug_line</name>
         <load_address>0x433f</load_address>
         <run_address>0x433f</run_address>
         <size>0x13d</size>
         <input_file_ref idref="fl-dc"/>
      </object_component>
      <object_component id="oc-2e4">
         <name>.debug_line</name>
         <load_address>0x447c</load_address>
         <run_address>0x447c</run_address>
         <size>0x7f</size>
         <input_file_ref idref="fl-dc"/>
[...]
         <name>vPortEnableVFP</name>
         <value>0x3555</value>
         <object_component_ref idref="oc-2a"/>
      </symbol>
      <symbol id="sm-1ce">
         <name>xPortPendSVHandler</name>
         <value>0x34b1</value>
         <object_component_ref idref="oc-2a"/>
      </symbol>
      <symbol id="sm-1cf">
         <name>vPortSVCHandler</name>
         <value>0x3511</value>
         <object_component_ref idref="oc-2a"/>
      </symbol>
      <symbol id="sm-295">
         <name>xQueueRegistry</name>
         <value>0x20007670</value>
      </symbol>
      <symbol id="sm-296">
         <name>xQueuePeekFromISR</name>
         <value>0x22d1</value>
         <object_component_ref idref="oc-1be"/>
      </symbol>
      <symbol id="sm-297">
         <name>xQueueIsQueueEmptyFromISR</name>
         <value>0x25a7</value>
         <object_component_ref idref="oc-1be"/>
      </symbol>
      <symbol id="sm-298">
         <name>xQueueGenericSendFromISR</name>
         <value>0x1d9f</value>
         <object_component_ref idref="oc-1be"/>
      </symbol>
      <symbol id="sm-299">
         <name>uxQueueMessagesWaiting</name>
         <value>0x2323</value>
         <object_component_ref idref="oc-1be"/>
      </symbol>
      <symbol id="sm-29a">
         <name>vQueueAddToRegistry</name>
         <value>0x2613</value>
         <object_component_ref idref="oc-1be"/>
      </symbol>
      <symbol id="sm-29b">
         <name>xQueueIsQueueFullFromISR</name>
         <value>0x25ed</value>
         <object_component_ref idref="oc-1be"/>
      </symbol>
      <symbol id="sm-29c">
         <name>xQueueGenericCreate</name>
         <value>0x1b09</value>
         <object_component_ref idref="oc-1be"/>
      </symbol>
      <symbol id="sm-29d">
         <name>xQueueCreateMutex</name>
         <value>0x1bc7</value>
         <object_component_ref idref="oc-1be"/>
      </symbol>
      <symbol id="sm-29e">
         <name>vQueueSetQueueNumber</name>
         <value>0x2399</value>
         <object_component_ref idref="oc-1be"/>
      </symbol>
      <symbol id="sm-29f">
         <name>xQueueGenericSend</name>
         <value>0x1c93</value>
         <object_component_ref idref="oc-1be"/>
      </symbol>
      <symbol id="sm-2a0">
         <name>xQueueGenericReset</name>
         <value>0x1a79</value>
         <object_component_ref idref="oc-1be"/>
      </symbol>
      <symbol id="sm-2a1">
         <name>xQueueReceiveFromISR</name>
         <value>0x2237</value>
         <object_component_ref idref="oc-1be"/>
      </symbol>
      <symbol id="sm-2a2">
         <name>uxQueueSpacesAvailable</name>
         <value>0x2339</value>
         <object_component_ref idref="oc-1be"/>
      </symbol>
      <symbol id="sm-2a3">
         <name>xQueueGiveMutexRecursive</name>
         <value>0x1bf3</value>
         <object_component_ref idref="oc-1be"/>
      </symbol>
      <symbol id="sm-2a4">
         <name>xQueueSemaphoreTake</name>
         <value>0x1fdd</value>
         <object_component_ref idref="oc-1be"/>
      </symbol>
      <symbol id="sm-2a5">
         <name>vQueueUnregisterQueue</name>
         <value>0x2695</value>
         <object_component_ref idref="oc-1be"/>
      </symbol>
      <symbol id="sm-2a6">
         <name>xQueueGiveFromISR</name>
         <value>0x1e3b</value>
         <object_component_ref idref="oc-1be"/>
      </symbol>
      <symbol id="sm-2a7">
         <name>uxQueueMessagesWaitingFromISR</name>
         <value>0x2359</value>
         <object_component_ref idref="oc-1be"/>
      </symbol>
      <symbol id="sm-2a8">
         <name>uxQueueGetQueueNumber</name>
         <value>0x238b</value>
         <object_component_ref idref="oc-1be"/>
      </symbol>
      <symbol id="sm-2a9">
         <name>xQueueTakeMutexRecursive</name>
         <value>0x1c2f</value>
         <object_component_ref idref="oc-1be"/>
      </symbol>
      <symbol id="sm-2aa">
         <name>xQueueCreateCountingSemaphore</name>
         <value>0x1c73</value>
         <object_component_ref idref="oc-1be"/>
      </symbol>
      <symbol id="sm-2ab">
         <name>vQueueDelete</name>
         <value>0x2375</value>
         <object_component_ref idref="oc-1be"/>
      </symbol>
      <symbol id="sm-2ac">
         <name>xQueuePeek</name>
         <value>0x2129</value>
         <object_component_ref idref="oc-1be"/>
      </symbol>
      <symbol id="sm-2ad">
         <name>xQueueReceive</name>
         <value>0x1ecf</value>
         <object_component_ref idref="oc-1be"/>
      </symbol>
      <symbol id="sm-2ae">
         <name>pcQueueGetName</name>
         <value>0x2655</value>
         <object_component_ref idref="oc-1be"/>
      </symbol>
      <symbol id="sm-2af">
         <name>ucQueueGetQueueType</name>
         <value>0x23ab</value>
         <object_component_ref idref="oc-1be"/>
      </symbol>
      <symbol id="sm-2ce">
         <name>SPI_Recieve</name>
         <value>0x320b</value>
         <object_component_ref idref="oc-1ca"/>
      </symbol>
      <symbol id="sm-2cf">
         <name>SPI_init_S</name>
         <value>0x318d</value>
         <object_component_ref idref="oc-1ca"/>
      </symbol>
      <symbol id="sm-2d0">
         <name>SPI_init_M</name>
         <value>0x3121</value>
         <object_component_ref idref="oc-1ca"/>
      </symbol>
      <symbol id="sm-2d1">
         <name>SPI_Send</name>
         <value>0x31ef</value>
         <object_component_ref idref="oc-1ca"/>
      </symbol>
      <symbol id="sm-4bc">
         <name>vTaskDelay</name>
         <value>0x5a3</value>
         <object_component_ref idref="oc-7c"/>
      </symbol>
      <symbol id="sm-4bd">
         <name>vTaskSuspendAll</name>
         <value>0xa81</value>
         <object_component_ref idref="oc-7c"/>
      </symbol>
      <symbol id="sm-4be">
         <name>vTaskPlaceOnEventList</name>
         <value>0xdf9</value>
         <object_component_ref idref="oc-7c"/>
      </symbol>
      <symbol id="sm-4bf">
         <name>vTaskSetTaskNumber</name>
         <value>0x101b</value>
         <object_component_ref idref="oc-7c"/>
      </symbol>
      <symbol id="sm-4c0">
         <name>uxTaskPriorityGetFromISR</name>
         <value>0x6b9</value>
         <object_component_ref idref="oc-7c"/>
      </symbol>
      <symbol id="sm-4c1">
         <name>ulTaskNotifyTake</name>
         <value>0x15c9</value>
         <object_component_ref idref="oc-7c"/>
      </symbol>
      <symbol id="sm-4c2">
         <name>pcTaskGetName</name>
         <value>0xb99</value>
         <object_component_ref idref="oc-7c"/>
      </symbol>
      <symbol id="sm-4c3">
         <name>xTaskCheckForTimeOut</name>
         <value>0xf75</value>
         <object_component_ref idref="oc-7c"/>
      </symbol>
      <symbol id="sm-4c4">
         <name>vTaskRemoveFromUnorderedEventList</name>
         <value>0xec9</value>
         <object_component_ref idref="oc-7c"/>
      </symbol>
      <symbol id="sm-4c5">
         <name>vTaskPrioritySet</name>
         <value>0x705</value>
         <object_component_ref idref="oc-7c"/>
      </symbol>
      <symbol id="sm-4c6">
         <name>xTaskPriorityDisinherit</name>
         <value>0x1415</value>
         <object_component_ref idref="oc-7c"/>
      </symbol>
      <symbol id="sm-4c7">
         <name>vTaskStartScheduler</name>
         <value>0xa15</value>
         <object_component_ref idref="oc-7c"/>
      </symbol>
      <symbol id="sm-4c8">
         <name>vTaskInternalSetTimeOutState</name>
         <value>0xf4f</value>
         <object_component_ref idref="oc-7c"/>
      </symbol>
      <symbol id="sm-4c9">
         <name>xTaskNotifyStateClear</name>
         <value>0x197d</value>
         <object_component_ref idref="oc-7c"/>
      </symbol>
      <symbol id="sm-4ca">
         <name>pvTaskIncrementMutexHeldCount</name>
         <value>0x15ab</value>
         <object_component_ref idref="oc-7c"/>
      </symbol>
      <symbol id="sm-4cb">
         <name>uxTaskGetStackHighWaterMark</name>
         <value>0x1285</value>
         <object_component_ref idref="oc-7c"/>
      </symbol>
      <symbol id="sm-4cc">
         <name>xTaskGenericNotify</name>
         <value>0x16eb</value>
         <object_component_ref idref="oc-7c"/>
      </symbol>
      <symbol id="sm-4cd">
         <name>vTaskPriorityDisinheritAfterTimeout</name>
         <value>0x14b3</value>
         <object_component_ref idref="oc-7c"/>
      </symbol>
      <symbol id="sm-4ce">
         <name>xTaskCreate</name>
         <value>0x26d</value>
         <object_component_ref idref="oc-7c"/>
      </symbol>
      <symbol id="sm-4cf">
         <name>vTaskDelayUntil</name>
         <value>0x513</value>
         <object_component_ref idref="oc-7c"/>
      </symbol>
      <symbol id="sm-4d0">
         <name>uxTaskGetTaskNumber</name>
         <value>0xffb</value>
         <object_component_ref idref="oc-7c"/>
      </symbol>
      <symbol id="sm-4d1">
         <name>vTaskEndScheduler</name>
         <value>0xa65</value>
         <object_component_ref idref="oc-7c"/>
      </symbol>
      <symbol id="sm-4d2">
         <name>xTaskNotifyWait</name>
         <value>0x1649</value>
         <object_component_ref idref="oc-7c"/>
      </symbol>
      <symbol id="sm-4d3">
         <name>vTaskMissedYield</name>
         <value>0xff3</value>
         <object_component_ref idref="oc-7c"/>
      </symbol>
      <symbol id="sm-4d4">
         <name>uxTaskGetNumberOfTasks</name>
         <value>0xb8d</value>
         <object_component_ref idref="oc-7c"/>
      </symbol>
      <symbol id="sm-4d5">
         <name>xTaskGenericNotifyFromISR</name>
         <value>0x17c5</value>
         <object_component_ref idref="oc-7c"/>
      </symbol>
      <symbol id="sm-4d6">
         <name>vTaskGetInfo</name>
         <value>0x10f9</value>
         <object_component_ref idref="oc-7c"/>
      </symbol>
      <symbol id="sm-4d7">
         <name>uxTaskPriorityGet</name>
         <value>0x68d</value>
         <object_component_ref idref="oc-7c"/>
      </symbol>
      <symbol id="sm-4d8">
         <name>xTaskResumeAll</name>
         <value>0xa99</value>
         <object_component_ref idref="oc-7c"/>
      </symbol>
      <symbol id="sm-4d9">
         <name>xTaskGetTickCount</name>
         <value>0xb69</value>
         <object_component_ref idref="oc-7c"/>
      </symbol>
      <symbol id="sm-4da">
         <name>uxTaskGetSystemState</name>
         <value>0xbbd</value>
         <object_component_ref idref="oc-7c"/>
      </symbol>
      <symbol id="sm-4db">
         <name>vTaskDelete</name>
         <value>0x465</value>
         <object_component_ref idref="oc-7c"/>
      </symbol>
      <symbol id="sm-4dc">
         <name>pxCurrentTCB</name>
         <value>0x20007938</value>
         <object_component_ref idref="oc-76"/>
      </symbol>
      <symbol id="sm-4dd">
         <name>vTaskNotifyGiveFromISR</name>
         <value>0x18d1</value>
         <object_component_ref idref="oc-7c"/>
      </symbol>
      <symbol id="sm-4de">
         <name>eTaskGetState</name>
         <value>0x5dd</value>
         <object_component_ref idref="oc-7c"/>
      </symbol>
      <symbol id="sm-4df">
         <name>vTaskSuspend</name>
         <value>0x811</value>
         <object_component_ref idref="oc-7c"/>
      </symbol>
      <symbol id="sm-4e0">
         <name>xTaskGetTickCountFromISR</name>
         <value>0xb79</value>
         <object_component_ref idref="oc-7c"/>
      </symbol>
      <symbol id="sm-4e1">
         <name>vTaskResume</name>
         <value>0x925</value>
         <object_component_ref idref="oc-7c"/>
      </symbol>
      <symbol id="sm-4e2">
         <name>vTaskSetTimeOutState</name>
         <value>0xf31</value>
         <object_component_ref idref="oc-7c"/>
      </symbol>
      <symbol id="sm-4e3">
         <name>xTaskIncrementTick</name>
         <value>0xca5</value>
         <object_component_ref idref="oc-7c"/>
      </symbol>
      <symbol id="sm-4e4">
         <name>vTaskSwitchContext</name>
         <value>0xd91</value>
         <object_component_ref idref="oc-7c"/>
      </symbol>
      <symbol id="sm-4e5">
         <name>uxTaskResetEventItemValue</name>
         <value>0x1589</value>
         <object_component_ref idref="oc-7c"/>
      </symbol>
      <symbol id="sm-4e6">
         <name>xTaskResumeFromISR</name>
         <value>0x98b</value>
         <object_component_ref idref="oc-7c"/>
      </symbol>
      <symbol id="sm-4e7">
         <name>xTaskGetCurrentTaskHandle</name>
         <value>0x1301</value>
         <object_component_ref idref="oc-7c"/>
      </symbol>
      <symbol id="sm-4e8">
         <name>vTaskPlaceOnUnorderedEventList</name>
         <value>0xe15</value>
         <object_component_ref idref="oc-7c"/>
      </symbol>
      <symbol id="sm-4e9">
         <name>xTaskRemoveFromEventList</name>
         <value>0xe45</value>
         <object_component_ref idref="oc-7c"/>
      </symbol>
      <symbol id="sm-4ea">
         <name>xTaskPriorityInherit</name>
         <value>0x1335</value>
         <object_component_ref idref="oc-7c"/>
      </symbol>
      <symbol id="sm-507">
         <name>ResetISR</name>
         <value>0x3b25</value>
         <object_component_ref idref="oc-24"/>
      </symbol>
      <symbol id="sm-508">
         <name>g_pfnVectors</name>
         <value>0x0</value>
         <object_component_ref idref="oc-f"/>
      </symbol>
      <symbol id="sm-523">
         <name>memcpy</name>
         <value>0x36b5</value>
         <object_component_ref idref="oc-43"/>
      </symbol>
      <symbol id="sm-524">
         <name>__aeabi_memcpy</name>
         <value>0x36b5</value>
         <object_component_ref idref="oc-43"/>
      </symbol>
      <symbol id="sm-525">
         <name>__aeabi_memcpy8</name>
         <value>0x36b5</value>
         <object_component_ref idref="oc-43"/>
      </symbol>
      <symbol id="sm-526">
         <name>__aeabi_memcpy4</name>
         <value>0x36b5</value>
         <object_component_ref idref="oc-43"/>
      </symbol>
      <symbol id="sm-535">
         <name>__aeabi_memset</name>
         <value>0x3753</value>
         <object_component_ref idref="oc-b3"/>
      </symbol>
      <symbol id="sm-536">
         <name>memset</name>
         <value>0x3759</value>
         <object_component_ref idref="oc-b3"/>
      </symbol>
      <symbol id="sm-537">
         <name>__aeabi_memset8</name>
         <value>0x3753</value>
         <object_component_ref idref="oc-b3"/>
      </symbol>
      <symbol id="sm-538">
         <name>__aeabi_memset4</name>
         <value>0x3753</value>
         <object_component_ref idref="oc-b3"/>
      </symbol>
      <symbol id="sm-539">
         <name>__aeabi_memclr8</name>
         <value>0x3751</value>
         <object_component_ref idref="oc-b3"/>
      </symbol>
      <symbol id="sm-53a">
         <name>__aeabi_memclr4</name>
         <value>0x3751</value>
         <object_component_ref idref="oc-b3"/>
      </symbol>
      <symbol id="sm-53b">
         <name>__aeabi_memclr</name>
         <value>0x3751</value>
         <object_component_ref idref="oc-b3"/>
      </symbol>
      <symbol id="sm-54d">
         <name>__TI_zero_init</name>
         <value>0x3b19</value>
         <object_component_ref idref="oc-55"/>
      </symbol>
      <symbol id="sm-564">
         <name>__TI_decompress_none</name>
         <value>0x3b0b</value>
         <object_component_ref idref="oc-18"/>
      </symbol>
      <symbol id="sm-587">
         <name>__TI_decompress_lzss</name>
         <value>0x3839</value>
         <object_component_ref idref="oc-12"/>
      </symbol>
      <symbol id="sm-59a">
         <name>__stack</name>
         <value>0x20007738</value>
         <object_component_ref idref="oc-21"/>
      </symbol>
      <symbol id="sm-59b">
         <name>_c_int00_noargs</name>
         <value>0x3a05</value>
         <object_component_ref idref="oc-61"/>
      </symbol>
      <symbol id="sm-5a6">
         <name>C$$EXIT</name>
         <value>0x3b5d</value>
         <object_component_ref idref="oc-142"/>
      </symbol>
      <symbol id="sm-5a7">
         <name>abort</name>
         <value>0x3b5d</value>
         <object_component_ref idref="oc-142"/>
      </symbol>
      <symbol id="sm-5bc">
         <name>_nop</name>
         <value>0x311f</value>
         <object_component_ref idref="oc-281"/>
      </symbol>
      <symbol id="sm-5bd">
         <name>_lock</name>
         <value>0x2000796c</value>
         <object_component_ref idref="oc-1f0"/>
      </symbol>
      <symbol id="sm-5be">
         <name>_unlock</name>
         <value>0x20007970</value>
         <object_component_ref idref="oc-1f0"/>
      </symbol>
      <symbol id="sm-5d5">
         <name>rand</name>
         <value>0x3a71</value>
         <object_component_ref idref="oc-278"/>
      </symbol>
      <symbol id="sm-5fd">
         <name>__TI_auto_init_nobinit_nopinit</name>
         <value>0x394d</value>
         <object_component_ref idref="oc-14e"/>
      </symbol>
      <symbol id="sm-607">
         <name>_system_pre_init</name>
         <value>0x3b59</value>
         <object_component_ref idref="oc-b9"/>
      </symbol>
      <symbol id="sm-657">
         <name>GPIOPinConfigure</name>
         <value>0x3905</value>
         <object_component_ref idref="oc-252"/>
      </symbol>
      <symbol id="sm-658">
         <name>GPIOPinTypeGPIOOutput</name>
         <value>0x3acf</value>
         <object_component_ref idref="oc-26b"/>
      </symbol>
      <symbol id="sm-659">
         <name>GPIOPinRead</name>
         <value>0x3b4d</value>
         <object_component_ref idref="oc-271"/>
      </symbol>
      <symbol id="sm-65a">
         <name>GPIODirModeSet</name>
         <value>0x3aa5</value>
         <object_component_ref idref="oc-2b3"/>
      </symbol>
      <symbol id="sm-65b">
         <name>GPIOPinWrite</name>
         <value>0x3b53</value>
         <object_component_ref idref="oc-1c4"/>
      </symbol>
      <symbol id="sm-65c">
         <name>GPIOPadConfigSet</name>
         <value>0x2fed</value>
         <object_component_ref idref="oc-2b9"/>
      </symbol>
      <symbol id="sm-65d">
         <name>GPIOPinTypeSSI</name>
         <value>0x3ae7</value>
         <object_component_ref idref="oc-24c"/>
      </symbol>
      <symbol id="sm-68e">
         <name>SSIDataPut</name>
         <value>0x3b31</value>
         <object_component_ref idref="oc-25e"/>
      </symbol>
      <symbol id="sm-68f">
         <name>SSIDataGetNonBlocking</name>
         <value>0x3af9</value>
         <object_component_ref idref="oc-1b8"/>
      </symbol>
      <symbol id="sm-690">
         <name>SSIConfigSetExpClk</name>
         <value>0x3991</value>
         <object_component_ref idref="oc-246"/>
      </symbol>
      <symbol id="sm-691">
         <name>SSIEnable</name>
         <value>0x3b3b</value>
         <object_component_ref idref="oc-258"/>
      </symbol>
      <symbol id="sm-692">
         <name>SSIBusy</name>
         <value>0x3b45</value>
         <object_component_ref idref="oc-264"/>
      </symbol>
      <symbol id="sm-6d7">
         <name>SysCtlPeripheralEnable</name>
         <value>0x3a3d</value>
         <object_component_ref idref="oc-234"/>
      </symbol>
      <symbol id="sm-6d8">
         <name>SysCtlClockGet</name>
         <value>0x3379</value>
         <object_component_ref idref="oc-240"/>
      </symbol>
      <symbol id="sm-6d9">
         <name>SysCtlPeripheralReady</name>
         <value>0x39cd</value>
         <object_component_ref idref="oc-23a"/>
      </symbol>
      <symbol id="sm-6db">
         <name>__TI_static_base__</name>
         <value>0x0</value>
      </symbol>
      <symbol id="sm-6de">
         <name>__mpu_init</name>
         <value>0x0</value>
      </symbol>
      <symbol id="sm-6df">
         <name>_system_post_cinit</name>
         <value>0x0</value>
      </symbol>
   </symbol_table>
   <title>Link successful</title>
</link_info>
